###############################################################################
#                                                                             #
# IAR ELF Linker V6.50.3.4676/W32 for ARM               26/Feb/2015  20:24:37 #
# Copyright 2007-2013 IAR Systems AB.                                         #
#                                                                             #
#    Output file  =  C:\Users\Андрей\Desktop\stm32_f105-07_f2_f4_usb-host-dev #
#                    ice_lib\STM32_USB-Host-Device_Lib_V2.1.0\Project\USB_Dev #
#                    ice_Examples\VCP\EWARM\STM322xG-EVAL_USBD-HS\Exe\STM322x #
#                    G-EVAL_USBD-HS.out                                       #
#    Map file     =  C:\Users\Андрей\Desktop\stm32_f105-07_f2_f4_usb-host-dev #
#                    ice_lib\STM32_USB-Host-Device_Lib_V2.1.0\Project\USB_Dev #
#                    ice_Examples\VCP\EWARM\STM322xG-EVAL_USBD-HS\List\STM322 #
#                    xG-EVAL_USBD-HS.map                                      #
#    Command line =  C:\Users\Андрей\Desktop\stm32_f105-07_f2_f4_usb-host-dev #
#                    ice_lib\STM32_USB-Host-Device_Lib_V2.1.0\Project\USB_Dev #
#                    ice_Examples\VCP\EWARM\STM322xG-EVAL_USBD-HS\Obj\app.o   #
#                    C:\Users\Андрей\Desktop\stm32_f105-07_f2_f4_usb-host-dev #
#                    ice_lib\STM32_USB-Host-Device_Lib_V2.1.0\Project\USB_Dev #
#                    ice_Examples\VCP\EWARM\STM322xG-EVAL_USBD-HS\Obj\lcd_log #
#                    .o C:\Users\Андрей\Desktop\stm32_f105-07_f2_f4_usb-host- #
#                    device_lib\STM32_USB-Host-Device_Lib_V2.1.0\Project\USB_ #
#                    Device_Examples\VCP\EWARM\STM322xG-EVAL_USBD-HS\Obj\misc #
#                    .o C:\Users\Андрей\Desktop\stm32_f105-07_f2_f4_usb-host- #
#                    device_lib\STM32_USB-Host-Device_Lib_V2.1.0\Project\USB_ #
#                    Device_Examples\VCP\EWARM\STM322xG-EVAL_USBD-HS\Obj\star #
#                    tup_stm32f2xx.o C:\Users\Андрей\Desktop\stm32_f105-07_f2 #
#                    _f4_usb-host-device_lib\STM32_USB-Host-Device_Lib_V2.1.0 #
#                    \Project\USB_Device_Examples\VCP\EWARM\STM322xG-EVAL_USB #
#                    D-HS\Obj\stm322xg_eval.o C:\Users\Андрей\Desktop\stm32_f #
#                    105-07_f2_f4_usb-host-device_lib\STM32_USB-Host-Device_L #
#                    ib_V2.1.0\Project\USB_Device_Examples\VCP\EWARM\STM322xG #
#                    -EVAL_USBD-HS\Obj\stm322xg_eval_lcd.o                    #
#                    C:\Users\Андрей\Desktop\stm32_f105-07_f2_f4_usb-host-dev #
#                    ice_lib\STM32_USB-Host-Device_Lib_V2.1.0\Project\USB_Dev #
#                    ice_Examples\VCP\EWARM\STM322xG-EVAL_USBD-HS\Obj\stm32f2 #
#                    xx_dma.o C:\Users\Андрей\Desktop\stm32_f105-07_f2_f4_usb #
#                    -host-device_lib\STM32_USB-Host-Device_Lib_V2.1.0\Projec #
#                    t\USB_Device_Examples\VCP\EWARM\STM322xG-EVAL_USBD-HS\Ob #
#                    j\stm32f2xx_exti.o C:\Users\Андрей\Desktop\stm32_f105-07 #
#                    _f2_f4_usb-host-device_lib\STM32_USB-Host-Device_Lib_V2. #
#                    1.0\Project\USB_Device_Examples\VCP\EWARM\STM322xG-EVAL_ #
#                    USBD-HS\Obj\stm32f2xx_flash.o                            #
#                    C:\Users\Андрей\Desktop\stm32_f105-07_f2_f4_usb-host-dev #
#                    ice_lib\STM32_USB-Host-Device_Lib_V2.1.0\Project\USB_Dev #
#                    ice_Examples\VCP\EWARM\STM322xG-EVAL_USBD-HS\Obj\stm32f2 #
#                    xx_fsmc.o C:\Users\Андрей\Desktop\stm32_f105-07_f2_f4_us #
#                    b-host-device_lib\STM32_USB-Host-Device_Lib_V2.1.0\Proje #
#                    ct\USB_Device_Examples\VCP\EWARM\STM322xG-EVAL_USBD-HS\O #
#                    bj\stm32f2xx_gpio.o C:\Users\Андрей\Desktop\stm32_f105-0 #
#                    7_f2_f4_usb-host-device_lib\STM32_USB-Host-Device_Lib_V2 #
#                    .1.0\Project\USB_Device_Examples\VCP\EWARM\STM322xG-EVAL #
#                    _USBD-HS\Obj\stm32f2xx_i2c.o                             #
#                    C:\Users\Андрей\Desktop\stm32_f105-07_f2_f4_usb-host-dev #
#                    ice_lib\STM32_USB-Host-Device_Lib_V2.1.0\Project\USB_Dev #
#                    ice_Examples\VCP\EWARM\STM322xG-EVAL_USBD-HS\Obj\stm32f2 #
#                    xx_pwr.o C:\Users\Андрей\Desktop\stm32_f105-07_f2_f4_usb #
#                    -host-device_lib\STM32_USB-Host-Device_Lib_V2.1.0\Projec #
#                    t\USB_Device_Examples\VCP\EWARM\STM322xG-EVAL_USBD-HS\Ob #
#                    j\stm32f2xx_rcc.o C:\Users\Андрей\Desktop\stm32_f105-07_ #
#                    f2_f4_usb-host-device_lib\STM32_USB-Host-Device_Lib_V2.1 #
#                    .0\Project\USB_Device_Examples\VCP\EWARM\STM322xG-EVAL_U #
#                    SBD-HS\Obj\stm32f2xx_spi.o C:\Users\Андрей\Desktop\stm32 #
#                    _f105-07_f2_f4_usb-host-device_lib\STM32_USB-Host-Device #
#                    _Lib_V2.1.0\Project\USB_Device_Examples\VCP\EWARM\STM322 #
#                    xG-EVAL_USBD-HS\Obj\stm32f2xx_syscfg.o                   #
#                    C:\Users\Андрей\Desktop\stm32_f105-07_f2_f4_usb-host-dev #
#                    ice_lib\STM32_USB-Host-Device_Lib_V2.1.0\Project\USB_Dev #
#                    ice_Examples\VCP\EWARM\STM322xG-EVAL_USBD-HS\Obj\stm32f2 #
#                    xx_usart.o C:\Users\Андрей\Desktop\stm32_f105-07_f2_f4_u #
#                    sb-host-device_lib\STM32_USB-Host-Device_Lib_V2.1.0\Proj #
#                    ect\USB_Device_Examples\VCP\EWARM\STM322xG-EVAL_USBD-HS\ #
#                    Obj\stm32fxxx_it.o C:\Users\Андрей\Desktop\stm32_f105-07 #
#                    _f2_f4_usb-host-device_lib\STM32_USB-Host-Device_Lib_V2. #
#                    1.0\Project\USB_Device_Examples\VCP\EWARM\STM322xG-EVAL_ #
#                    USBD-HS\Obj\system_stm32f2xx.o                           #
#                    C:\Users\Андрей\Desktop\stm32_f105-07_f2_f4_usb-host-dev #
#                    ice_lib\STM32_USB-Host-Device_Lib_V2.1.0\Project\USB_Dev #
#                    ice_Examples\VCP\EWARM\STM322xG-EVAL_USBD-HS\Obj\usb_bsp #
#                    .o C:\Users\Андрей\Desktop\stm32_f105-07_f2_f4_usb-host- #
#                    device_lib\STM32_USB-Host-Device_Lib_V2.1.0\Project\USB_ #
#                    Device_Examples\VCP\EWARM\STM322xG-EVAL_USBD-HS\Obj\usb_ #
#                    core.o C:\Users\Андрей\Desktop\stm32_f105-07_f2_f4_usb-h #
#                    ost-device_lib\STM32_USB-Host-Device_Lib_V2.1.0\Project\ #
#                    USB_Device_Examples\VCP\EWARM\STM322xG-EVAL_USBD-HS\Obj\ #
#                    usb_dcd.o C:\Users\Андрей\Desktop\stm32_f105-07_f2_f4_us #
#                    b-host-device_lib\STM32_USB-Host-Device_Lib_V2.1.0\Proje #
#                    ct\USB_Device_Examples\VCP\EWARM\STM322xG-EVAL_USBD-HS\O #
#                    bj\usb_dcd_int.o C:\Users\Андрей\Desktop\stm32_f105-07_f #
#                    2_f4_usb-host-device_lib\STM32_USB-Host-Device_Lib_V2.1. #
#                    0\Project\USB_Device_Examples\VCP\EWARM\STM322xG-EVAL_US #
#                    BD-HS\Obj\usbd_cdc_core.o C:\Users\Андрей\Desktop\stm32_ #
#                    f105-07_f2_f4_usb-host-device_lib\STM32_USB-Host-Device_ #
#                    Lib_V2.1.0\Project\USB_Device_Examples\VCP\EWARM\STM322x #
#                    G-EVAL_USBD-HS\Obj\usbd_cdc_vcp.o                        #
#                    C:\Users\Андрей\Desktop\stm32_f105-07_f2_f4_usb-host-dev #
#                    ice_lib\STM32_USB-Host-Device_Lib_V2.1.0\Project\USB_Dev #
#                    ice_Examples\VCP\EWARM\STM322xG-EVAL_USBD-HS\Obj\usbd_co #
#                    re.o C:\Users\Андрей\Desktop\stm32_f105-07_f2_f4_usb-hos #
#                    t-device_lib\STM32_USB-Host-Device_Lib_V2.1.0\Project\US #
#                    B_Device_Examples\VCP\EWARM\STM322xG-EVAL_USBD-HS\Obj\us #
#                    bd_desc.o C:\Users\Андрей\Desktop\stm32_f105-07_f2_f4_us #
#                    b-host-device_lib\STM32_USB-Host-Device_Lib_V2.1.0\Proje #
#                    ct\USB_Device_Examples\VCP\EWARM\STM322xG-EVAL_USBD-HS\O #
#                    bj\usbd_ioreq.o C:\Users\Андрей\Desktop\stm32_f105-07_f2 #
#                    _f4_usb-host-device_lib\STM32_USB-Host-Device_Lib_V2.1.0 #
#                    \Project\USB_Device_Examples\VCP\EWARM\STM322xG-EVAL_USB #
#                    D-HS\Obj\usbd_req.o C:\Users\Андрей\Desktop\stm32_f105-0 #
#                    7_f2_f4_usb-host-device_lib\STM32_USB-Host-Device_Lib_V2 #
#                    .1.0\Project\USB_Device_Examples\VCP\EWARM\STM322xG-EVAL #
#                    _USBD-HS\Obj\usbd_usr.o --redirect _Printf=_PrintfTiny   #
#                    --redirect _Scanf=_ScanfSmall -o                         #
#                    C:\Users\Андрей\Desktop\stm32_f105-07_f2_f4_usb-host-dev #
#                    ice_lib\STM32_USB-Host-Device_Lib_V2.1.0\Project\USB_Dev #
#                    ice_Examples\VCP\EWARM\STM322xG-EVAL_USBD-HS\Exe\STM322x #
#                    G-EVAL_USBD-HS.out --map C:\Users\Андрей\Desktop\stm32_f #
#                    105-07_f2_f4_usb-host-device_lib\STM32_USB-Host-Device_L #
#                    ib_V2.1.0\Project\USB_Device_Examples\VCP\EWARM\STM322xG #
#                    -EVAL_USBD-HS\List\STM322xG-EVAL_USBD-HS.map --config    #
#                    C:\Users\Андрей\Desktop\stm32_f105-07_f2_f4_usb-host-dev #
#                    ice_lib\STM32_USB-Host-Device_Lib_V2.1.0\Project\USB_Dev #
#                    ice_Examples\VCP\EWARM\stm32f2xx_flash.icf               #
#                    --semihosting --entry __iar_program_start --vfe          #
#                                                                             #
#                                                                             #
###############################################################################

*******************************************************************************
*** RUNTIME MODEL ATTRIBUTES
***

CppFlavor       = *
__SystemLibrary = DLib


*******************************************************************************
*** PLACEMENT SUMMARY
***

"A1":  place at 0x08000000 { ro section .intvec };
"P1":  place in [from 0x08000000 to 0x080fffff] { ro };
"P2":  place in [from 0x20000000 to 0x20020000] { rw, block CSTACK, block HEAP };

  Section            Kind        Address    Size  Object
  -------            ----        -------    ----  ------
"A1":                                      0x184
  .intvec            ro code  0x08000000   0x184  startup_stm32f2xx.o [1]
                            - 0x08000184   0x184

"P1":                                     0x6370
  .rodata            const    0x08000184  0x23d0  stm322xg_eval_lcd.o [1]
  .text              ro code  0x08002554   0x980  usb_core.o [1]
  .text              ro code  0x08002ed4   0x1fc  usb_bsp.o [1]
  .text              ro code  0x080030d0    0xd4  stm32f2xx_rcc.o [1]
  .text              ro code  0x080031a4    0x9a  stm32f2xx_gpio.o [1]
  .text              ro code  0x0800323e    0x2e  copy_init3.o [5]
  .text              ro code  0x0800326c    0x7c  misc.o [1]
  .text              ro code  0x080032e8   0x90e  stm322xg_eval_lcd.o [1]
  .text              ro code  0x08003bf6    0x22  zero_init3.o [5]
  .text              ro code  0x08003c18    0xe4  stm32f2xx_fsmc.o [1]
  .text              ro code  0x08003cfc   0x634  usb_dcd_int.o [1]
  .text              ro code  0x08004330   0x578  usbd_req.o [1]
  .text              ro code  0x080048a8   0x27a  usb_dcd.o [1]
  .text              ro code  0x08004b22    0xac  usbd_ioreq.o [1]
  .text              ro code  0x08004bd0   0x2ca  usbd_core.o [1]
  .text              ro code  0x08004e9c   0x3b4  lcd_log.o [1]
  .text              ro code  0x08005250    0x3a  ABImemset48.o [5]
  .text              ro code  0x0800528c   0x284  usbd_cdc_vcp.o [1]
  .text              ro code  0x08005510   0x151  stm322xg_eval.o [1]
  .text              ro code  0x08005664   0x148  stm32f2xx_usart.o [1]
  .text              ro code  0x080057ac   0x274  usbd_cdc_core.o [1]
  .text              ro code  0x08005a20   0x218  usbd_usr.o [1]
  .text              ro code  0x08005c38    0x24  printf.o [3]
  .text              ro code  0x08005c5c   0x15e  xprintftiny.o [3]
  .text              ro code  0x08005dbc    0x36  strlen.o [5]
  .text              ro code  0x08005df4   0x128  usbd_desc.o [1]
  .text              ro code  0x08005f1c    0xc8  system_stm32f2xx.o [1]
  .text              ro code  0x08005fe4    0x6c  stm32fxxx_it.o [1]
  .text              ro code  0x08006050     0xc  stm32f2xx_exti.o [1]
  .text              ro code  0x0800605c    0x54  app.o [1]
  .text              ro code  0x080060b0    0x28  data_init.o [5]
  .iar.init_table    const    0x080060d8    0x24  - Linker created -
  .text              ro code  0x080060fc    0x16  cmain.o [5]
  .text              ro code  0x08006112     0x4  low_level_init.o [3]
  .text              ro code  0x08006116     0x4  exit.o [3]
  .text              ro code  0x0800611c     0xa  cexit.o [5]
  .text              ro code  0x08006128    0x14  exit.o [6]
  .text              ro code  0x0800613c    0x16  xprout.o [3]
  .text              ro code  0x08006154     0xc  putchar.o [3]
  .text              ro code  0x08006160    0x10  startup_stm32f2xx.o [1]
  .text              ro code  0x08006170     0xc  cstartup_M.o [5]
  .text              ro code  0x0800617c     0x4  startup_stm32f2xx.o [1]
  .text              ro code  0x08006180     0x4  startup_stm32f2xx.o [1]
  .text              ro code  0x08006184     0x4  startup_stm32f2xx.o [1]
  .text              ro code  0x08006188     0x4  startup_stm32f2xx.o [1]
  .text              ro code  0x0800618c     0x4  startup_stm32f2xx.o [1]
  .text              ro code  0x08006190     0x4  startup_stm32f2xx.o [1]
  .text              ro code  0x08006194     0x4  startup_stm32f2xx.o [1]
  .text              ro code  0x08006198     0x4  startup_stm32f2xx.o [1]
  .text              ro code  0x0800619c     0x4  startup_stm32f2xx.o [1]
  .text              ro code  0x080061a0     0x4  startup_stm32f2xx.o [1]
  .text              ro code  0x080061a4     0x4  startup_stm32f2xx.o [1]
  .text              ro code  0x080061a8     0x4  startup_stm32f2xx.o [1]
  .text              ro code  0x080061ac     0x4  startup_stm32f2xx.o [1]
  .text              ro code  0x080061b0     0x4  startup_stm32f2xx.o [1]
  .text              ro code  0x080061b4     0x4  startup_stm32f2xx.o [1]
  .text              ro code  0x080061b8     0x4  startup_stm32f2xx.o [1]
  .text              ro code  0x080061bc     0x4  startup_stm32f2xx.o [1]
  .text              ro code  0x080061c0     0x4  startup_stm32f2xx.o [1]
  .text              ro code  0x080061c4     0x4  startup_stm32f2xx.o [1]
  .text              ro code  0x080061c8     0x4  startup_stm32f2xx.o [1]
  .text              ro code  0x080061cc     0x4  startup_stm32f2xx.o [1]
  .text              ro code  0x080061d0     0x4  startup_stm32f2xx.o [1]
  .text              ro code  0x080061d4     0x4  startup_stm32f2xx.o [1]
  .text              ro code  0x080061d8     0x4  startup_stm32f2xx.o [1]
  .text              ro code  0x080061dc     0x4  startup_stm32f2xx.o [1]
  .text              ro code  0x080061e0     0x4  startup_stm32f2xx.o [1]
  .text              ro code  0x080061e4     0x4  startup_stm32f2xx.o [1]
  .text              ro code  0x080061e8     0x4  startup_stm32f2xx.o [1]
  .text              ro code  0x080061ec     0x4  startup_stm32f2xx.o [1]
  .text              ro code  0x080061f0     0x4  startup_stm32f2xx.o [1]
  .text              ro code  0x080061f4     0x4  startup_stm32f2xx.o [1]
  .text              ro code  0x080061f8     0x4  startup_stm32f2xx.o [1]
  .text              ro code  0x080061fc     0x4  startup_stm32f2xx.o [1]
  .text              ro code  0x08006200     0x4  startup_stm32f2xx.o [1]
  .text              ro code  0x08006204     0x4  startup_stm32f2xx.o [1]
  .text              ro code  0x08006208     0x4  startup_stm32f2xx.o [1]
  .text              ro code  0x0800620c     0x4  startup_stm32f2xx.o [1]
  .text              ro code  0x08006210     0x4  startup_stm32f2xx.o [1]
  .text              ro code  0x08006214     0x4  startup_stm32f2xx.o [1]
  .text              ro code  0x08006218     0x4  startup_stm32f2xx.o [1]
  .text              ro code  0x0800621c     0x4  startup_stm32f2xx.o [1]
  .text              ro code  0x08006220     0x4  startup_stm32f2xx.o [1]
  .text              ro code  0x08006224     0x4  startup_stm32f2xx.o [1]
  .text              ro code  0x08006228     0x4  startup_stm32f2xx.o [1]
  .text              ro code  0x0800622c     0x4  startup_stm32f2xx.o [1]
  .text              ro code  0x08006230     0x4  startup_stm32f2xx.o [1]
  .text              ro code  0x08006234     0x4  startup_stm32f2xx.o [1]
  .text              ro code  0x08006238     0x4  startup_stm32f2xx.o [1]
  .text              ro code  0x0800623c     0x4  startup_stm32f2xx.o [1]
  .text              ro code  0x08006240     0x4  startup_stm32f2xx.o [1]
  .text              ro code  0x08006244     0x4  startup_stm32f2xx.o [1]
  .text              ro code  0x08006248     0x4  startup_stm32f2xx.o [1]
  .text              ro code  0x0800624c     0x4  startup_stm32f2xx.o [1]
  .text              ro code  0x08006250     0x4  startup_stm32f2xx.o [1]
  .text              ro code  0x08006254     0x4  startup_stm32f2xx.o [1]
  .text              ro code  0x08006258     0x4  startup_stm32f2xx.o [1]
  .text              ro code  0x0800625c     0x4  startup_stm32f2xx.o [1]
  .text              ro code  0x08006260     0x4  startup_stm32f2xx.o [1]
  .text              ro code  0x08006264     0x4  startup_stm32f2xx.o [1]
  .text              ro code  0x08006268     0x4  startup_stm32f2xx.o [1]
  .text              ro code  0x0800626c     0x4  startup_stm32f2xx.o [1]
  .text              ro code  0x08006270     0x4  startup_stm32f2xx.o [1]
  .text              ro code  0x08006274     0x4  startup_stm32f2xx.o [1]
  .text              ro code  0x08006278     0x4  startup_stm32f2xx.o [1]
  .text              ro code  0x0800627c     0x4  startup_stm32f2xx.o [1]
  .text              ro code  0x08006280     0x4  startup_stm32f2xx.o [1]
  .text              ro code  0x08006284     0x4  startup_stm32f2xx.o [1]
  .text              ro code  0x08006288     0x4  startup_stm32f2xx.o [1]
  .text              ro code  0x0800628c     0x4  startup_stm32f2xx.o [1]
  .text              ro code  0x08006290     0x4  startup_stm32f2xx.o [1]
  .text              ro code  0x08006294     0x4  startup_stm32f2xx.o [1]
  .text              ro code  0x08006298     0x4  startup_stm32f2xx.o [1]
  .text              ro code  0x0800629c     0x4  startup_stm32f2xx.o [1]
  .text              ro code  0x080062a0     0x4  startup_stm32f2xx.o [1]
  .text              ro code  0x080062a4     0x4  startup_stm32f2xx.o [1]
  .text              ro code  0x080062a8     0x4  startup_stm32f2xx.o [1]
  .text              ro code  0x080062ac     0x4  startup_stm32f2xx.o [1]
  .text              ro code  0x080062b0     0x4  startup_stm32f2xx.o [1]
  .text              ro code  0x080062b4     0x4  startup_stm32f2xx.o [1]
  .text              ro code  0x080062b8     0x4  startup_stm32f2xx.o [1]
  .text              ro code  0x080062bc     0x4  startup_stm32f2xx.o [1]
  .text              ro code  0x080062c0     0x4  startup_stm32f2xx.o [1]
  .text              ro code  0x080062c4     0x4  startup_stm32f2xx.o [1]
  .text              ro code  0x080062c8     0x4  startup_stm32f2xx.o [1]
  .text              ro code  0x080062cc     0x4  startup_stm32f2xx.o [1]
  .text              ro code  0x080062d0     0x4  startup_stm32f2xx.o [1]
  .text              ro code  0x080062d4     0x4  startup_stm32f2xx.o [1]
  .text              ro code  0x080062d8     0x4  startup_stm32f2xx.o [1]
  .text              ro code  0x080062dc     0x4  startup_stm32f2xx.o [1]
  .text              ro code  0x080062e0     0x4  startup_stm32f2xx.o [1]
  .rodata            const    0x080062e4     0x0  zero_init3.o [5]
  .rodata            const    0x080062e4     0x0  copy_init3.o [5]
  Initializer bytes  ro data  0x080062e4   0x210  <for P2 s0>
                            - 0x080064f4  0x6370

"P2", part 1 of 3:                         0x210
  P2 s0                       0x20000000   0x210  <Init block>
    .data            inited   0x20000000    0x58  usbd_cdc_core.o [1]
    .data            inited   0x20000058    0x44  usbd_cdc_core.o [1]
    .data            inited   0x2000009c    0x40  xfiles.o [3]
    .data            inited   0x200000dc    0x30  usbd_cdc_core.o [1]
    .data            inited   0x2000010c    0x2c  usbd_core.o [1]
    .data            inited   0x20000138    0x1c  usbd_desc.o [1]
    .data            inited   0x20000154    0x1c  usbd_usr.o [1]
    .data            inited   0x20000170    0x18  usbd_cdc_vcp.o [1]
    .data            inited   0x20000188    0x14  usbd_cdc_vcp.o [1]
    .data            inited   0x2000019c    0x14  usbd_desc.o [1]
    .data            inited   0x200001b0    0x10  stm322xg_eval.o [1]
    .data            inited   0x200001c0    0x10  stm322xg_eval_lcd.o [1]
    .data            inited   0x200001d0    0x10  stm32f2xx_rcc.o [1]
    .data            inited   0x200001e0     0xc  stm322xg_eval.o [1]
    .data            inited   0x200001ec     0xc  usbd_desc.o [1]
    .data            inited   0x200001f8     0x8  stm322xg_eval_lcd.o [1]
    .data            inited   0x20000200     0x8  stm322xg_eval_lcd.o [1]
    .data            inited   0x20000208     0x4  usbd_core.o [1]
    .data            inited   0x2000020c     0x4  usbd_desc.o [1]
                            - 0x20000210   0x210

"P2", part 2 of 3:                        0x1358
  .bss               zero     0x20000210   0x814  usbd_cdc_core.o [1]
  .bss               zero     0x20000a24   0x5f4  app.o [1]
  .bss               zero     0x20001018   0x200  usbd_cdc_core.o [1]
  .bss               zero     0x20001218   0x1e6  lcd_log.o [1]
  .bss               zero     0x20001400   0x100  usbd_req.o [1]
  .bss               zero     0x20001500    0x50  xfiles.o [3]
  .bss               zero     0x20001550     0xc  usbd_req.o [1]
  .bss               zero     0x2000155c     0x4  usbd_core.o [1]
  .bss               zero     0x20001560     0x4  usbd_req.o [1]
                            - 0x20001564  0x1354

"P2", part 3 of 3:                         0x400
  CSTACK                      0x20001568   0x400  <Block>
    CSTACK           uninit   0x20001568   0x400  <Block tail>
                            - 0x20001968   0x400


*******************************************************************************
*** INIT TABLE
***

          Address     Size
          -------     ----
Zero (__iar_zero_init3)
    1 destination range, total size 0x1354:
          0x20000210  0x1354

Copy (__iar_copy_init3)
    1 source range, total size 0x210:
          0x080062e4   0x210
    1 destination range, total size 0x210:
          0x20000000   0x210



*******************************************************************************
*** MODULE SUMMARY
***

    Module               ro code  ro data  rw data
    ------               -------  -------  -------
C:\Users\Андрей\Desktop\stm32_f105-07_f2_f4_usb-host-device_lib\STM32_USB-Host-Device_Lib_V2.1.0\Project\USB_Device_Examples\VCP\EWARM\STM322xG-EVAL_USBD-HS\Obj: [1]
    app.o                     84             1 524
    lcd_log.o                948               486
    misc.o                   124
    startup_stm32f2xx.o      764
    stm322xg_eval.o          337       28       28
    stm322xg_eval_lcd.o    2 318    9 200       32
    stm32f2xx_exti.o          12
    stm32f2xx_fsmc.o         228
    stm32f2xx_gpio.o         154
    stm32f2xx_rcc.o          212       16       16
    stm32f2xx_usart.o        328
    stm32fxxx_it.o           108
    system_stm32f2xx.o       200
    usb_bsp.o                508
    usb_core.o             2 432
    usb_dcd.o                634
    usb_dcd_int.o          1 588
    usbd_cdc_core.o          628      204    2 784
    usbd_cdc_vcp.o           644       44       44
    usbd_core.o              714       48       52
    usbd_desc.o              296       64       64
    usbd_ioreq.o             172
    usbd_req.o             1 400               272
    usbd_usr.o               536       28       28
    ----------------------------------------------
    Total:                15 369    9 632    5 330

command line: [2]
    ----------------------------------------------
    Total:

dl7M_tlf.a: [3]
    exit.o                     4
    low_level_init.o           4
    printf.o                  36
    putchar.o                 12
    xfiles.o                           64      144
    xprintftiny.o            350
    xprout.o                  22
    ----------------------------------------------
    Total:                   428       64      144

m7M_tl.a: [4]
    ----------------------------------------------
    Total:

rt7M_tl.a: [5]
    ABImemset48.o             58
    cexit.o                   10
    cmain.o                   22
    copy_init3.o              46
    cstartup_M.o              12
    data_init.o               40
    strlen.o                  54
    zero_init3.o              34
    ----------------------------------------------
    Total:                   276

shb_l.a: [6]
    exit.o                    20
    ----------------------------------------------
    Total:                    20

    Gaps                      19                 2
    Linker created                     36    1 024
--------------------------------------------------
    Grand Total:          16 112    9 732    6 500


*******************************************************************************
*** ENTRY LIST
***

Entry                      Address    Size  Type      Object
-----                      -------    ----  ----      ------
?main                   0x080060fd          Code  Gb  cmain.o [5]
ADC_IRQHandler          0x080061e9          Code  Wk  startup_stm32f2xx.o [1]
APBAHBPrescTable        0x200001d0    0x10  Data  Lc  stm32f2xx_rcc.o [1]
APP_Rx_Buffer           0x20000224   0x800  Data  Gb  usbd_cdc_core.o [1]
APP_Rx_length           0x2000021c     0x4  Data  Gb  usbd_cdc_core.o [1]
APP_Rx_ptr_in           0x20000214     0x4  Data  Gb  usbd_cdc_core.o [1]
APP_Rx_ptr_out          0x20000218     0x4  Data  Gb  usbd_cdc_core.o [1]
ASCII12x12_Table        0x08001354   0x900  Data  Gb  stm322xg_eval_lcd.o [1]
ASCII16x24_Table        0x08000184  0x11d0  Data  Gb  stm322xg_eval_lcd.o [1]
ASCII8x12_Table         0x08001c54   0x900  Data  Gb  stm322xg_eval_lcd.o [1]
BackColor               0x200001c2     0x2  Data  Gb  stm322xg_eval_lcd.o [1]
BusFault_Handler        0x08005feb     0x2  Code  Gb  stm32fxxx_it.o [1]
CAN1_RX0_IRQHandler     0x080061f1          Code  Wk  startup_stm32f2xx.o [1]
CAN1_RX1_IRQHandler     0x080061f5          Code  Wk  startup_stm32f2xx.o [1]
CAN1_SCE_IRQHandler     0x080061f9          Code  Wk  startup_stm32f2xx.o [1]
CAN1_TX_IRQHandler      0x080061ed          Code  Wk  startup_stm32f2xx.o [1]
CAN2_RX0_IRQHandler     0x080062a1          Code  Wk  startup_stm32f2xx.o [1]
CAN2_RX1_IRQHandler     0x080062a5          Code  Wk  startup_stm32f2xx.o [1]
CAN2_SCE_IRQHandler     0x080062a9          Code  Wk  startup_stm32f2xx.o [1]
CAN2_TX_IRQHandler      0x0800629d          Code  Wk  startup_stm32f2xx.o [1]
COM_RX_AF               0x08005660     0x1  Data  Gb  stm322xg_eval.o [1]
COM_RX_PIN              0x08005650     0x2  Data  Gb  stm322xg_eval.o [1]
COM_RX_PIN_SOURCE       0x08005658     0x1  Data  Gb  stm322xg_eval.o [1]
COM_RX_PORT             0x200001e8     0x4  Data  Gb  stm322xg_eval.o [1]
COM_RX_PORT_CLK         0x08005648     0x4  Data  Gb  stm322xg_eval.o [1]
COM_TX_AF               0x0800565c     0x1  Data  Gb  stm322xg_eval.o [1]
COM_TX_PIN              0x0800564c     0x2  Data  Gb  stm322xg_eval.o [1]
COM_TX_PIN_SOURCE       0x08005654     0x1  Data  Gb  stm322xg_eval.o [1]
COM_TX_PORT             0x200001e4     0x4  Data  Gb  stm322xg_eval.o [1]
COM_TX_PORT_CLK         0x08005644     0x4  Data  Gb  stm322xg_eval.o [1]
COM_USART               0x200001e0     0x4  Data  Gb  stm322xg_eval.o [1]
CRYP_IRQHandler         0x080062dd          Code  Wk  startup_stm32f2xx.o [1]
CSTACK$$Base            0x20001568           --   Gb  - Linker created -
CSTACK$$Limit           0x20001968           --   Gb  - Linker created -
CmdBuff                 0x2000000c     0x8  Data  Gb  usbd_cdc_core.o [1]
DCD_EP_Close            0x080049d5    0x32  Code  Gb  usb_dcd.o [1]
DCD_EP_ClrStall         0x08004ad3    0x40  Code  Gb  usb_dcd.o [1]
DCD_EP_Open             0x0800498f    0x46  Code  Gb  usb_dcd.o [1]
DCD_EP_PrepareRx        0x08004a07    0x48  Code  Gb  usb_dcd.o [1]
DCD_EP_SetAddress       0x08004b13    0x10  Code  Gb  usb_dcd.o [1]
DCD_EP_Stall            0x08004a93    0x40  Code  Gb  usb_dcd.o [1]
DCD_EP_Tx               0x08004a4f    0x44  Code  Gb  usb_dcd.o [1]
DCD_HandleInEP_ISR      0x0800407b    0xd2  Code  Lc  usb_dcd_int.o [1]
DCD_HandleOutEP_ISR     0x0800414d    0xaa  Code  Lc  usb_dcd_int.o [1]
DCD_HandleUsbReset_ISR  0x0800426d    0xba  Code  Lc  usb_dcd_int.o [1]
DCD_Init                0x080048a9    0xe6  Code  Gb  usb_dcd.o [1]
DCD_WriteEmptyTxFifo    0x080041f7    0x74  Code  Lc  usb_dcd_int.o [1]
DCMI_IRQHandler         0x080062d9          Code  Wk  startup_stm32f2xx.o [1]
DMA1_Stream0_IRQHandler
                        0x080061cd          Code  Wk  startup_stm32f2xx.o [1]
DMA1_Stream1_IRQHandler
                        0x080061d1          Code  Wk  startup_stm32f2xx.o [1]
DMA1_Stream2_IRQHandler
                        0x080061d5          Code  Wk  startup_stm32f2xx.o [1]
DMA1_Stream3_IRQHandler
                        0x080061d9          Code  Wk  startup_stm32f2xx.o [1]
DMA1_Stream4_IRQHandler
                        0x080061dd          Code  Wk  startup_stm32f2xx.o [1]
DMA1_Stream5_IRQHandler
                        0x080061e1          Code  Wk  startup_stm32f2xx.o [1]
DMA1_Stream6_IRQHandler
                        0x080061e5          Code  Wk  startup_stm32f2xx.o [1]
DMA1_Stream7_IRQHandler
                        0x0800625d          Code  Wk  startup_stm32f2xx.o [1]
DMA2_Stream0_IRQHandler
                        0x08006281          Code  Wk  startup_stm32f2xx.o [1]
DMA2_Stream1_IRQHandler
                        0x08006285          Code  Wk  startup_stm32f2xx.o [1]
DMA2_Stream2_IRQHandler
                        0x08006289          Code  Wk  startup_stm32f2xx.o [1]
DMA2_Stream3_IRQHandler
                        0x0800628d          Code  Wk  startup_stm32f2xx.o [1]
DMA2_Stream4_IRQHandler
                        0x08006291          Code  Wk  startup_stm32f2xx.o [1]
DMA2_Stream5_IRQHandler
                        0x080062b1          Code  Wk  startup_stm32f2xx.o [1]
DMA2_Stream6_IRQHandler
                        0x080062b5          Code  Wk  startup_stm32f2xx.o [1]
DMA2_Stream7_IRQHandler
                        0x080062b9          Code  Wk  startup_stm32f2xx.o [1]
DebugMon_Handler        0x08005ff1     0x2  Code  Gb  stm32fxxx_it.o [1]
ETH_IRQHandler          0x08006295          Code  Wk  startup_stm32f2xx.o [1]
ETH_WKUP_IRQHandler     0x08006299          Code  Wk  startup_stm32f2xx.o [1]
EXTI0_IRQHandler        0x080061b9          Code  Wk  startup_stm32f2xx.o [1]
EXTI15_10_IRQHandler    0x08006241          Code  Wk  startup_stm32f2xx.o [1]
EXTI1_IRQHandler        0x080061bd          Code  Wk  startup_stm32f2xx.o [1]
EXTI2_IRQHandler        0x080061c1          Code  Wk  startup_stm32f2xx.o [1]
EXTI3_IRQHandler        0x080061c5          Code  Wk  startup_stm32f2xx.o [1]
EXTI4_IRQHandler        0x080061c9          Code  Wk  startup_stm32f2xx.o [1]
EXTI9_5_IRQHandler      0x080061fd          Code  Wk  startup_stm32f2xx.o [1]
EXTI_ClearITPendingBit  0x08006051     0x6  Code  Gb  stm32f2xx_exti.o [1]
FLASH_IRQHandler        0x080061b1          Code  Wk  startup_stm32f2xx.o [1]
FSMC_IRQHandler         0x08006261          Code  Wk  startup_stm32f2xx.o [1]
FSMC_NORSRAMCmd         0x08003cd9    0x1a  Code  Gb  stm32f2xx_fsmc.o [1]
FSMC_NORSRAMInit        0x08003c19    0xc0  Code  Gb  stm32f2xx_fsmc.o [1]
Font12x12               0x200001f8     0x8  Data  Gb  stm322xg_eval_lcd.o [1]
Font16x24               0x200001c8     0x8  Data  Gb  stm322xg_eval_lcd.o [1]
Font8x12                0x20000200     0x8  Data  Gb  stm322xg_eval_lcd.o [1]
GPIO_CLK                0x08005634    0x10  Data  Gb  stm322xg_eval.o [1]
GPIO_Init               0x080031a5    0x72  Code  Gb  stm32f2xx_gpio.o [1]
GPIO_PIN                0x0800562c     0x8  Data  Gb  stm322xg_eval.o [1]
GPIO_PORT               0x200001b0    0x10  Data  Gb  stm322xg_eval.o [1]
GPIO_PinAFConfig        0x08003217    0x28  Code  Gb  stm32f2xx_gpio.o [1]
HASH_RNG_IRQHandler     0x080062e1          Code  Wk  startup_stm32f2xx.o [1]
HardFault_Handler       0x08005fe7     0x2  Code  Gb  stm32fxxx_it.o [1]
I2C1_ER_IRQHandler      0x08006221          Code  Wk  startup_stm32f2xx.o [1]
I2C1_EV_IRQHandler      0x0800621d          Code  Wk  startup_stm32f2xx.o [1]
I2C2_ER_IRQHandler      0x08006229          Code  Wk  startup_stm32f2xx.o [1]
I2C2_EV_IRQHandler      0x08006225          Code  Wk  startup_stm32f2xx.o [1]
I2C3_ER_IRQHandler      0x080062c5          Code  Wk  startup_stm32f2xx.o [1]
I2C3_EV_IRQHandler      0x080062c1          Code  Wk  startup_stm32f2xx.o [1]
LCD_CacheBuffer         0x20001218   0x1d4  Data  Gb  lcd_log.o [1]
LCD_CacheBuffer_xptr    0x200013f2     0x2  Data  Gb  lcd_log.o [1]
LCD_CacheBuffer_yptr_bottom
                        0x200013f6     0x2  Data  Gb  lcd_log.o [1]
LCD_CacheBuffer_yptr_bottom_bak
                        0x200013fa     0x2  Data  Gb  lcd_log.o [1]
LCD_CacheBuffer_yptr_invert
                        0x200013ec     0x1  Data  Gb  lcd_log.o [1]
LCD_CacheBuffer_yptr_top
                        0x200013f4     0x2  Data  Gb  lcd_log.o [1]
LCD_CacheBuffer_yptr_top_bak
                        0x200013f8     0x2  Data  Gb  lcd_log.o [1]
LCD_Clear               0x08003945    0x26  Code  Gb  stm322xg_eval_lcd.o [1]
LCD_ClearLine           0x08003911    0x34  Code  Gb  stm322xg_eval_lcd.o [1]
LCD_CtrlLinesConfig     0x08003a5d   0x126  Code  Gb  stm322xg_eval_lcd.o [1]
LCD_Currentfonts        0x200001c4     0x4  Data  Lc  stm322xg_eval_lcd.o [1]
LCD_DisplayStringLine   0x08003a09    0x4a  Code  Gb  stm322xg_eval_lcd.o [1]
LCD_DrawChar            0x0800396d    0x9a  Code  Gb  stm322xg_eval_lcd.o [1]
LCD_FSMCConfig          0x08003b95    0x62  Code  Gb  stm322xg_eval_lcd.o [1]
LCD_GetFont             0x08003909     0x8  Code  Gb  stm322xg_eval_lcd.o [1]
LCD_LOG_DeInit          0x08004eb1    0x3c  Code  Gb  lcd_log.o [1]
LCD_LOG_Init            0x08004e9d    0x14  Code  Gb  lcd_log.o [1]
LCD_LOG_SetFooter       0x08004fbd    0xba  Code  Gb  lcd_log.o [1]
LCD_LOG_SetHeader       0x08004eed    0xd0  Code  Gb  lcd_log.o [1]
LCD_LineColor           0x200013f0     0x2  Data  Gb  lcd_log.o [1]
LCD_Lock                0x200013ee     0x1  Data  Gb  lcd_log.o [1]
LCD_ScrollActive        0x200013ed     0x1  Data  Gb  lcd_log.o [1]
LCD_ScrollBackStep      0x200013fc     0x2  Data  Gb  lcd_log.o [1]
LCD_Scrolled            0x200013ef     0x1  Data  Gb  lcd_log.o [1]
LCD_SetBackColor        0x080038f1    0x10  Code  Gb  stm322xg_eval_lcd.o [1]
LCD_SetFont             0x08003901     0x8  Code  Gb  stm322xg_eval_lcd.o [1]
LCD_SetTextColor        0x080038e1    0x10  Code  Gb  stm322xg_eval_lcd.o [1]
MemManage_Handler       0x08005fe9     0x2  Code  Gb  stm32fxxx_it.o [1]
NMI_Handler             0x08005fe5     0x2  Code  Gb  stm32fxxx_it.o [1]
NVIC_Init               0x08003277    0x5c  Code  Gb  misc.o [1]
NVIC_PriorityGroupConfig
                        0x0800326d     0xa  Code  Gb  misc.o [1]
OTG_FS_IRQHandler       0x080062ad          Code  Wk  startup_stm32f2xx.o [1]
OTG_FS_WKUP_IRQHandler  0x08006249          Code  Wk  startup_stm32f2xx.o [1]
OTG_HS_EP1_IN_IRQHandler
                        0x0800603d     0x6  Code  Gb  stm32fxxx_it.o [1]
OTG_HS_EP1_OUT_IRQHandler
                        0x08006043     0x6  Code  Gb  stm32fxxx_it.o [1]
OTG_HS_IRQHandler       0x08006037     0x6  Code  Gb  stm32fxxx_it.o [1]
OTG_HS_WKUP_IRQHandler  0x0800600f    0x28  Code  Gb  stm32fxxx_it.o [1]
PVD_IRQHandler          0x080061a5          Code  Wk  startup_stm32f2xx.o [1]
PendSV_Handler          0x08005ff3     0x2  Code  Gb  stm32fxxx_it.o [1]
RCC_AHB1PeriphClockCmd  0x08003153    0x12  Code  Gb  stm32f2xx_rcc.o [1]
RCC_AHB3PeriphClockCmd  0x08003165    0x12  Code  Gb  stm32f2xx_rcc.o [1]
RCC_APB1PeriphClockCmd  0x08003177    0x12  Code  Gb  stm32f2xx_rcc.o [1]
RCC_GetClocksFreq       0x080030d1    0x82  Code  Gb  stm32f2xx_rcc.o [1]
RCC_IRQHandler          0x080061b5          Code  Wk  startup_stm32f2xx.o [1]
RTC_Alarm_IRQHandler    0x08006245          Code  Wk  startup_stm32f2xx.o [1]
RTC_WKUP_IRQHandler     0x080061ad          Code  Wk  startup_stm32f2xx.o [1]
Region$$Table$$Base     0x080060d8           --   Gb  - Linker created -
Region$$Table$$Limit    0x080060fc           --   Gb  - Linker created -
Reset_Handler           0x08006161          Code  Wk  startup_stm32f2xx.o [1]
SDIO_IRQHandler         0x08006265          Code  Wk  startup_stm32f2xx.o [1]
SET_TEST_MODE           0x2000155c     0x4  Data  Gb  usbd_core.o [1]
SPI1_IRQHandler         0x0800622d          Code  Wk  startup_stm32f2xx.o [1]
SPI2_IRQHandler         0x08006231          Code  Wk  startup_stm32f2xx.o [1]
SPI3_IRQHandler         0x0800626d          Code  Wk  startup_stm32f2xx.o [1]
STM322xG_LCD_Init       0x080032e9   0x5f8  Code  Gb  stm322xg_eval_lcd.o [1]
STM_EVAL_COMInit        0x08005571    0xb4  Code  Gb  stm322xg_eval.o [1]
STM_EVAL_LEDInit        0x08005511    0x48  Code  Gb  stm322xg_eval.o [1]
STM_EVAL_LEDToggle      0x08005559    0x18  Code  Gb  stm322xg_eval.o [1]
SVC_Handler             0x08005fef     0x2  Code  Gb  stm32fxxx_it.o [1]
SysTick_Handler         0x08005ff5    0x1a  Code  Gb  stm32fxxx_it.o [1]
SystemInit              0x08005f1d    0xb2  Code  Gb  system_stm32f2xx.o [1]
TAMP_STAMP_IRQHandler   0x080061a9          Code  Wk  startup_stm32f2xx.o [1]
TIM1_BRK_TIM9_IRQHandler
                        0x08006201          Code  Wk  startup_stm32f2xx.o [1]
TIM1_CC_IRQHandler      0x0800620d          Code  Wk  startup_stm32f2xx.o [1]
TIM1_TRG_COM_TIM11_IRQHandler
                        0x08006209          Code  Wk  startup_stm32f2xx.o [1]
TIM1_UP_TIM10_IRQHandler
                        0x08006205          Code  Wk  startup_stm32f2xx.o [1]
TIM2_IRQHandler         0x08006211          Code  Wk  startup_stm32f2xx.o [1]
TIM3_IRQHandler         0x08006215          Code  Wk  startup_stm32f2xx.o [1]
TIM4_IRQHandler         0x08006219          Code  Wk  startup_stm32f2xx.o [1]
TIM5_IRQHandler         0x08006269          Code  Wk  startup_stm32f2xx.o [1]
TIM6_DAC_IRQHandler     0x08006279          Code  Wk  startup_stm32f2xx.o [1]
TIM7_IRQHandler         0x0800627d          Code  Wk  startup_stm32f2xx.o [1]
TIM8_BRK_TIM12_IRQHandler
                        0x0800624d          Code  Wk  startup_stm32f2xx.o [1]
TIM8_CC_IRQHandler      0x08006259          Code  Wk  startup_stm32f2xx.o [1]
TIM8_TRG_COM_TIM14_IRQHandler
                        0x08006255          Code  Wk  startup_stm32f2xx.o [1]
TIM8_UP_TIM13_IRQHandler
                        0x08006251          Code  Wk  startup_stm32f2xx.o [1]
TextColor               0x200001c0     0x2  Data  Gb  stm322xg_eval_lcd.o [1]
UART4_IRQHandler        0x08006271          Code  Wk  startup_stm32f2xx.o [1]
UART5_IRQHandler        0x08006275          Code  Wk  startup_stm32f2xx.o [1]
USART1_IRQHandler       0x08006235          Code  Wk  startup_stm32f2xx.o [1]
USART2_IRQHandler       0x08006239          Code  Wk  startup_stm32f2xx.o [1]
USART3_IRQHandler       0x080054d3    0x2e  Code  Gb  usbd_cdc_vcp.o [1]
USART6_IRQHandler       0x080062bd          Code  Wk  startup_stm32f2xx.o [1]
USART_Cmd               0x0800570d    0x14  Code  Gb  stm32f2xx_usart.o [1]
USART_GetFlagStatus     0x08005761     0xe  Code  Gb  stm32f2xx_usart.o [1]
USART_GetITStatus       0x0800576f    0x3e  Code  Gb  stm32f2xx_usart.o [1]
USART_ITConfig          0x08005731    0x30  Code  Gb  stm32f2xx_usart.o [1]
USART_Init              0x08005665    0xa0  Code  Gb  stm32f2xx_usart.o [1]
USART_InitStructure     0x20000170    0x10  Data  Gb  usbd_cdc_vcp.o [1]
USART_ReceiveData       0x08005729     0x8  Code  Gb  stm32f2xx_usart.o [1]
USART_SendData          0x08005721     0x8  Code  Gb  stm32f2xx_usart.o [1]
USBD_CDC_cb             0x200000dc    0x30  Data  Gb  usbd_cdc_core.o [1]
USBD_ClrCfg             0x08004e2f    0x12  Code  Gb  usbd_core.o [1]
USBD_CtlContinueRx      0x08004b7b    0x14  Code  Gb  usbd_ioreq.o [1]
USBD_CtlContinueSendData
                        0x08004b45    0x14  Code  Gb  usbd_ioreq.o [1]
USBD_CtlError           0x080047e9    0x1c  Code  Gb  usbd_req.o [1]
USBD_CtlPrepareRx       0x08004b59    0x22  Code  Gb  usbd_ioreq.o [1]
USBD_CtlReceiveStatus   0x08004baf    0x20  Code  Gb  usbd_ioreq.o [1]
USBD_CtlSendData        0x08004b23    0x22  Code  Gb  usbd_ioreq.o [1]
USBD_CtlSendStatus      0x08004b8f    0x20  Code  Gb  usbd_ioreq.o [1]
USBD_DCD_INT_cb         0x2000010c    0x2c  Data  Gb  usbd_core.o [1]
USBD_DCD_INT_fops       0x20000208     0x4  Data  Gb  usbd_core.o [1]
USBD_DataInStage        0x08004cdd    0xb2  Code  Lc  usbd_core.o [1]
USBD_DataOutStage       0x08004c65    0x78  Code  Lc  usbd_core.o [1]
USBD_DevConnected       0x08004e65    0x16  Code  Lc  usbd_core.o [1]
USBD_DevDisconnected    0x08004e7b    0x20  Code  Lc  usbd_core.o [1]
USBD_DeviceDesc         0x2000019c    0x14  Data  Gb  usbd_desc.o [1]
USBD_DeviceQualifierDesc
                        0x200001ec     0xc  Data  Gb  usbd_desc.o [1]
USBD_GetDescriptor      0x08004645   0x14a  Code  Lc  usbd_req.o [1]
USBD_GetString          0x08004805    0xa4  Code  Gb  usbd_req.o [1]
USBD_Init               0x08004bd1    0x38  Code  Gb  usbd_core.o [1]
USBD_IsoINIncomplete    0x08004e41    0x12  Code  Lc  usbd_core.o [1]
USBD_IsoOUTIncomplete   0x08004e53    0x12  Code  Lc  usbd_core.o [1]
USBD_LangIDDesc         0x2000020c     0x4  Data  Gb  usbd_desc.o [1]
USBD_OTG_EP1IN_ISR_Handler
                        0x08003d51    0xd2  Code  Gb  usb_dcd_int.o [1]
USBD_OTG_EP1OUT_ISR_Handler
                        0x08003cfd    0x54  Code  Gb  usb_dcd_int.o [1]
USBD_OTG_ISR_Handler    0x08003e23   0x258  Code  Gb  usb_dcd_int.o [1]
USBD_ParseSetupRequest  0x080047a5    0x44  Code  Gb  usbd_req.o [1]
USBD_Reset              0x08004d95    0x2e  Code  Lc  usbd_core.o [1]
USBD_Resume             0x08004dc3    0x1e  Code  Lc  usbd_core.o [1]
USBD_SOF                0x08004e01    0x16  Code  Lc  usbd_core.o [1]
USBD_SetCfg             0x08004e17    0x18  Code  Gb  usbd_core.o [1]
USBD_SetupStage         0x08004c09    0x5c  Code  Lc  usbd_core.o [1]
USBD_StdDevReq          0x08004331   0x1c0  Code  Gb  usbd_req.o [1]
USBD_StdEPReq           0x0800453d   0x108  Code  Gb  usbd_req.o [1]
USBD_StdItfReq          0x080044f1    0x4c  Code  Gb  usbd_req.o [1]
USBD_StrDesc            0x20001400   0x100  Data  Gb  usbd_req.o [1]
USBD_Suspend            0x08004de1    0x20  Code  Lc  usbd_core.o [1]
USBD_USR_ConfigStrDescriptor
                        0x08005e51    0x14  Code  Gb  usbd_desc.o [1]
USBD_USR_DeviceConfigured
                        0x08005a8b    0x10  Code  Gb  usbd_usr.o [1]
USBD_USR_DeviceConnected
                        0x08005abb    0x10  Code  Gb  usbd_usr.o [1]
USBD_USR_DeviceDescriptor
                        0x08005df5     0x8  Code  Gb  usbd_desc.o [1]
USBD_USR_DeviceDisconnected
                        0x08005acb    0x10  Code  Gb  usbd_usr.o [1]
USBD_USR_DeviceReset    0x08005a6b    0x20  Code  Gb  usbd_usr.o [1]
USBD_USR_DeviceResumed  0x08005aab    0x10  Code  Gb  usbd_usr.o [1]
USBD_USR_DeviceSuspended
                        0x08005a9b    0x10  Code  Gb  usbd_usr.o [1]
USBD_USR_Init           0x08005a21    0x4a  Code  Gb  usbd_usr.o [1]
USBD_USR_InterfaceStrDescriptor
                        0x08005e65    0x14  Code  Gb  usbd_desc.o [1]
USBD_USR_LangIDStrDescriptor
                        0x08005dfd     0x8  Code  Gb  usbd_desc.o [1]
USBD_USR_ManufacturerStrDescriptor
                        0x08005e21    0x14  Code  Gb  usbd_desc.o [1]
USBD_USR_ProductStrDescriptor
                        0x08005e05    0x1c  Code  Gb  usbd_desc.o [1]
USBD_USR_SerialStrDescriptor
                        0x08005e35    0x1c  Code  Gb  usbd_desc.o [1]
USBD_cdc_GetCfgDesc     0x080059f5     0x8  Code  Lc  usbd_cdc_core.o [1]
USBD_cdc_GetOtherCfgDesc
                        0x080059fd     0x8  Code  Lc  usbd_cdc_core.o [1]
USBD_cfg_status         0x20001554     0x4  Data  Gb  usbd_req.o [1]
USBD_default_cfg        0x20001558     0x4  Data  Gb  usbd_req.o [1]
USBD_ep_status          0x20001560     0x4  Data  Gb  usbd_req.o [1]
USB_OTG_BSP_EnableInterrupt
                        0x08003019    0x76  Code  Gb  usb_bsp.o [1]
USB_OTG_BSP_Init        0x08002ed5   0x144  Code  Gb  usb_bsp.o [1]
USB_OTG_BSP_mDelay      0x080030a5    0x14  Code  Gb  usb_bsp.o [1]
USB_OTG_BSP_uDelay      0x0800308f    0x16  Code  Gb  usb_bsp.o [1]
USB_OTG_CoreInit        0x080027d3    0x76  Code  Gb  usb_core.o [1]
USB_OTG_CoreInitDev     0x080028e7   0x182  Code  Gb  usb_core.o [1]
USB_OTG_CoreReset       0x08002555    0x4c  Code  Lc  usb_core.o [1]
USB_OTG_DisableGlobalInt
                        0x08002857     0xe  Code  Gb  usb_core.o [1]
USB_OTG_EP0Activate     0x08002a95    0x34  Code  Gb  usb_core.o [1]
USB_OTG_EP0StartXfer    0x08002d05    0xde  Code  Gb  usb_core.o [1]
USB_OTG_EP0_OutStart    0x08002e63    0x20  Code  Gb  usb_core.o [1]
USB_OTG_EPActivate      0x08002ac9    0x80  Code  Gb  usb_core.o [1]
USB_OTG_EPClearStall    0x08002e13    0x28  Code  Gb  usb_core.o [1]
USB_OTG_EPDeactivate    0x08002b49    0x4c  Code  Gb  usb_core.o [1]
USB_OTG_EPSetStall      0x08002de3    0x30  Code  Gb  usb_core.o [1]
USB_OTG_EPStartXfer     0x08002b95   0x170  Code  Gb  usb_core.o [1]
USB_OTG_EnableGlobalInt
                        0x08002849     0xe  Code  Gb  usb_core.o [1]
USB_OTG_FlushTxFifo     0x08002865    0x40  Code  Gb  usb_core.o [1]
USB_OTG_GetDeviceSpeed  0x08002a69    0x2a  Code  Gb  usb_core.o [1]
USB_OTG_IsDeviceMode    0x080028cf     0xe  Code  Gb  usb_core.o [1]
USB_OTG_ReadCoreItr     0x080028dd     0xa  Code  Gb  usb_core.o [1]
USB_OTG_ReadDevAllInEPItr
                        0x08002e57     0xc  Code  Gb  usb_core.o [1]
USB_OTG_ReadDevAllOutEp_itr
                        0x08002e3b     0xc  Code  Gb  usb_core.o [1]
USB_OTG_ReadDevOutEP_itr
                        0x08002e47    0x10  Code  Gb  usb_core.o [1]
USB_OTG_ReadPacket      0x080025f9    0x48  Code  Gb  usb_core.o [1]
USB_OTG_SelectCore      0x08002641   0x192  Code  Gb  usb_core.o [1]
USB_OTG_SetCurrentMode  0x080028a5    0x2a  Code  Gb  usb_core.o [1]
USB_OTG_UngateClock     0x08002e83    0x1c  Code  Gb  usb_core.o [1]
USB_OTG_WritePacket     0x080025a1    0x58  Code  Gb  usb_core.o [1]
USB_OTG_dev             0x20000a24   0x5f4  Data  Gb  app.o [1]
USB_Rx_Buffer           0x20001018   0x200  Data  Gb  usbd_cdc_core.o [1]
USB_Tx_State            0x20000210     0x1  Data  Gb  usbd_cdc_core.o [1]
USR_cb                  0x20000154    0x1c  Data  Gb  usbd_usr.o [1]
USR_desc                0x20000138    0x1c  Data  Gb  usbd_desc.o [1]
UsageFault_Handler      0x08005fed     0x2  Code  Gb  stm32fxxx_it.o [1]
VCP_COMConfig           0x08005429    0xaa  Code  Lc  usbd_cdc_vcp.o [1]
VCP_Ctrl                0x080052e3    0xe0  Code  Lc  usbd_cdc_vcp.o [1]
VCP_DataRx              0x08005401    0x28  Code  Lc  usbd_cdc_vcp.o [1]
VCP_DataTx              0x080053c3    0x3e  Code  Lc  usbd_cdc_vcp.o [1]
VCP_DeInit              0x080052df     0x4  Code  Lc  usbd_cdc_vcp.o [1]
VCP_Init                0x0800528d    0x52  Code  Lc  usbd_cdc_vcp.o [1]
VCP_fops                0x20000188    0x14  Data  Gb  usbd_cdc_vcp.o [1]
WWDG_IRQHandler         0x080061a1          Code  Wk  startup_stm32f2xx.o [1]
_PrintfTiny             0x08005c75   0x142  Code  Gb  xprintftiny.o [3]
_Prout                  0x0800613d    0x16  Code  Gb  xprout.o [3]
__aeabi_memset4         0x08005251          Code  Gb  ABImemset48.o [5]
__aeabi_memset8         0x08005251          Code  Gb  ABImemset48.o [5]
__cmain                 0x080060fd          Code  Gb  cmain.o [5]
__exit                  0x08006129    0x14  Code  Gb  exit.o [6]
__iar_Memset4_word      0x08005259          Code  Gb  ABImemset48.o [5]
__iar_Memset8_word      0x08005259          Code  Gb  ABImemset48.o [5]
__iar_Stdout            0x2000009c    0x40  Data  Gb  xfiles.o [3]
__iar_copy_init3        0x0800323f    0x2e  Code  Gb  copy_init3.o [5]
__iar_data_init3        0x080060b1    0x28  Code  Gb  data_init.o [5]
__iar_program_start     0x08006171          Code  Gb  cstartup_M.o [5]
__iar_zero_init3        0x08003bf7    0x22  Code  Gb  zero_init3.o [5]
__low_level_init        0x08006113     0x4  Code  Gb  low_level_init.o [3]
__vector_table          0x08000000          Data  Gb  startup_stm32f2xx.o [1]
_call_main              0x08006109          Code  Gb  cmain.o [5]
_exit                   0x0800611d          Code  Gb  cexit.o [5]
_main                   0x0800610f          Code  Gb  cmain.o [5]
cdcCmd                  0x20000004     0x4  Data  Lc  usbd_cdc_core.o [1]
cdcLen                  0x20000008     0x4  Data  Lc  usbd_cdc_core.o [1]
exit                    0x08006117     0x4  Code  Gb  exit.o [3]
fputc                   0x08005079   0x1ca  Code  Gb  lcd_log.o [1]
linecoding              0x20000180     0x8  Data  Gb  usbd_cdc_vcp.o [1]
main                    0x0800605d    0x54  Code  Gb  app.o [1]
obuf                    0x20001500    0x50  Data  Lc  xfiles.o [3]
out                     0x08005c5d    0x18  Code  Lc  xprintftiny.o [3]
printf                  0x08005c39    0x24  Code  Gb  printf.o [3]
putchar                 0x08006155     0xc  Code  Gb  putchar.o [3]
strlen                  0x08005dbd          Code  Gb  strlen.o [5]
usbd_cdc_AltSet         0x20000000     0x4  Data  Lc  usbd_cdc_core.o [1]
usbd_cdc_CfgDesc        0x20000014    0x44  Data  Gb  usbd_cdc_core.o [1]
usbd_cdc_DataIn         0x080058f7    0x52  Code  Lc  usbd_cdc_core.o [1]
usbd_cdc_DataOut        0x08005949    0x30  Code  Lc  usbd_cdc_core.o [1]
usbd_cdc_DeInit         0x080057f9    0x24  Code  Lc  usbd_cdc_core.o [1]
usbd_cdc_EP0_RxReady    0x080058d9    0x1e  Code  Lc  usbd_cdc_core.o [1]
usbd_cdc_Init           0x080057ad    0x4c  Code  Lc  usbd_cdc_core.o [1]
usbd_cdc_OtherCfgDesc   0x20000058    0x44  Data  Gb  usbd_cdc_core.o [1]
usbd_cdc_SOF            0x08005979    0x7c  Code  Lc  usbd_cdc_core.o [1]
usbd_cdc_Setup          0x0800581d    0xbc  Code  Lc  usbd_cdc_core.o [1]


[1] = C:\Users\Андрей\Desktop\stm32_f105-07_f2_f4_usb-host-device_lib\STM32_USB-Host-Device_Lib_V2.1.0\Project\USB_Device_Examples\VCP\EWARM\STM322xG-EVAL_USBD-HS\Obj
[2] = command line
[3] = dl7M_tlf.a
[4] = m7M_tl.a
[5] = rt7M_tl.a
[6] = shb_l.a

  16 112 bytes of readonly  code memory
   9 732 bytes of readonly  data memory
   6 500 bytes of readwrite data memory

Errors: none
Warnings: none
