###############################################################################
#                                                                             #
# IAR ELF Linker V6.50.3.4676/W32 for ARM               03/Feb/2017  17:52:47 #
# Copyright 2007-2013 IAR Systems AB.                                         #
#                                                                             #
#    Output file  =  C:\Users\Андрей\Google Диск\Stand_MNI\Модем\STM324xG-EVA #
#                    L_USBD-FS\Exe\STM324xG-EVAL_USBD-FS.out                  #
#    Map file     =  C:\Users\Андрей\Google Диск\Stand_MNI\Модем\STM324xG-EVA #
#                    L_USBD-FS\List\STM324xG-EVAL_USBD-FS.map                 #
#    Command line =  "C:\Users\Андрей\Google Диск\Stand_MNI\Модем\STM324xG-EV #
#                    AL_USBD-FS\Obj\app.o" "C:\Users\Андрей\Google            #
#                    Диск\Stand_MNI\Модем\STM324xG-EVAL_USBD-FS\Obj\lcd_log.o #
#                    " "C:\Users\Андрей\Google Диск\Stand_MNI\Модем\STM324xG- #
#                    EVAL_USBD-FS\Obj\misc.o" "C:\Users\Андрей\Google         #
#                    Диск\Stand_MNI\Модем\STM324xG-EVAL_USBD-FS\Obj\startup_s #
#                    tm32f4xx.o" "C:\Users\Андрей\Google                      #
#                    Диск\Stand_MNI\Модем\STM324xG-EVAL_USBD-FS\Obj\stm324xg_ #
#                    eval.o" "C:\Users\Андрей\Google                          #
#                    Диск\Stand_MNI\Модем\STM324xG-EVAL_USBD-FS\Obj\stm324xg_ #
#                    eval_lcd.o" "C:\Users\Андрей\Google                      #
#                    Диск\Stand_MNI\Модем\STM324xG-EVAL_USBD-FS\Obj\stm32f4xx #
#                    _can.o" "C:\Users\Андрей\Google                          #
#                    Диск\Stand_MNI\Модем\STM324xG-EVAL_USBD-FS\Obj\stm32f4xx #
#                    _dma.o" "C:\Users\Андрей\Google                          #
#                    Диск\Stand_MNI\Модем\STM324xG-EVAL_USBD-FS\Obj\stm32f4xx #
#                    _exti.o" "C:\Users\Андрей\Google                         #
#                    Диск\Stand_MNI\Модем\STM324xG-EVAL_USBD-FS\Obj\stm32f4xx #
#                    _flash.o" "C:\Users\Андрей\Google                        #
#                    Диск\Stand_MNI\Модем\STM324xG-EVAL_USBD-FS\Obj\stm32f4xx #
#                    _fsmc.o" "C:\Users\Андрей\Google                         #
#                    Диск\Stand_MNI\Модем\STM324xG-EVAL_USBD-FS\Obj\stm32f4xx #
#                    _gpio.o" "C:\Users\Андрей\Google                         #
#                    Диск\Stand_MNI\Модем\STM324xG-EVAL_USBD-FS\Obj\stm32f4xx #
#                    _pwr.o" "C:\Users\Андрей\Google                          #
#                    Диск\Stand_MNI\Модем\STM324xG-EVAL_USBD-FS\Obj\stm32f4xx #
#                    _rcc.o" "C:\Users\Андрей\Google                          #
#                    Диск\Stand_MNI\Модем\STM324xG-EVAL_USBD-FS\Obj\stm32f4xx #
#                    _syscfg.o" "C:\Users\Андрей\Google                       #
#                    Диск\Stand_MNI\Модем\STM324xG-EVAL_USBD-FS\Obj\stm32f4xx #
#                    _tim.o" "C:\Users\Андрей\Google                          #
#                    Диск\Stand_MNI\Модем\STM324xG-EVAL_USBD-FS\Obj\stm32f4xx #
#                    _usart.o" "C:\Users\Андрей\Google                        #
#                    Диск\Stand_MNI\Модем\STM324xG-EVAL_USBD-FS\Obj\stm32fxxx #
#                    _it.o" "C:\Users\Андрей\Google                           #
#                    Диск\Stand_MNI\Модем\STM324xG-EVAL_USBD-FS\Obj\system_st #
#                    m32f4xx.o" "C:\Users\Андрей\Google                       #
#                    Диск\Stand_MNI\Модем\STM324xG-EVAL_USBD-FS\Obj\usb_bsp.o #
#                    " "C:\Users\Андрей\Google Диск\Stand_MNI\Модем\STM324xG- #
#                    EVAL_USBD-FS\Obj\usb_core.o" "C:\Users\Андрей\Google     #
#                    Диск\Stand_MNI\Модем\STM324xG-EVAL_USBD-FS\Obj\usb_dcd.o #
#                    " "C:\Users\Андрей\Google Диск\Stand_MNI\Модем\STM324xG- #
#                    EVAL_USBD-FS\Obj\usb_dcd_int.o" "C:\Users\Андрей\Google  #
#                    Диск\Stand_MNI\Модем\STM324xG-EVAL_USBD-FS\Obj\usbd_cdc_ #
#                    core.o" "C:\Users\Андрей\Google                          #
#                    Диск\Stand_MNI\Модем\STM324xG-EVAL_USBD-FS\Obj\usbd_cdc_ #
#                    vcp.o" "C:\Users\Андрей\Google                           #
#                    Диск\Stand_MNI\Модем\STM324xG-EVAL_USBD-FS\Obj\usbd_core #
#                    .o" "C:\Users\Андрей\Google                              #
#                    Диск\Stand_MNI\Модем\STM324xG-EVAL_USBD-FS\Obj\usbd_desc #
#                    .o" "C:\Users\Андрей\Google                              #
#                    Диск\Stand_MNI\Модем\STM324xG-EVAL_USBD-FS\Obj\usbd_iore #
#                    q.o" "C:\Users\Андрей\Google                             #
#                    Диск\Stand_MNI\Модем\STM324xG-EVAL_USBD-FS\Obj\usbd_req. #
#                    o" "C:\Users\Андрей\Google Диск\Stand_MNI\Модем\STM324xG #
#                    -EVAL_USBD-FS\Obj\usbd_usr.o" --redirect                 #
#                    _Printf=_PrintfTiny --redirect _Scanf=_ScanfSmall -o     #
#                    "C:\Users\Андрей\Google Диск\Stand_MNI\Модем\STM324xG-EV #
#                    AL_USBD-FS\Exe\STM324xG-EVAL_USBD-FS.out" --map          #
#                    "C:\Users\Андрей\Google Диск\Stand_MNI\Модем\STM324xG-EV #
#                    AL_USBD-FS\List\STM324xG-EVAL_USBD-FS.map" --config      #
#                    "C:\Users\Андрей\Google Диск\Stand_MNI\Модем\stm32f4xx_f #
#                    lash.icf" --semihosting --entry __iar_program_start      #
#                    --vfe                                                    #
#                                                                             #
#                                                                             #
###############################################################################

*******************************************************************************
*** RUNTIME MODEL ATTRIBUTES
***

CppFlavor       = *
__SystemLibrary = DLib


*******************************************************************************
*** PLACEMENT SUMMARY
***

"A1":  place at 0x08000000 { ro section .intvec };
"P1":  place in [from 0x08000000 to 0x080fffff] { ro };
"P2":  place in [from 0x20000000 to 0x2001ffff] { rw, block CSTACK, block HEAP };

  Section            Kind        Address    Size  Object
  -------            ----        -------    ----  ------
"A1":                                      0x188
  .intvec            ro code  0x08000000   0x188  startup_stm32f4xx.o [1]
                            - 0x08000188   0x188

"P1":                                     0x6908
  .rodata            const    0x08000188  0x23d0  stm324xg_eval_lcd.o [1]
  .text              ro code  0x08002558   0x92c  usb_core.o [1]
  .text              ro code  0x08002e84   0x110  usb_bsp.o [1]
  .text              ro code  0x08002f94   0x100  stm32f4xx_rcc.o [1]
  .text              ro code  0x08003094    0xa2  stm32f4xx_gpio.o [1]
  .text              ro code  0x08003136    0x2e  copy_init3.o [5]
  .text              ro code  0x08003164    0x7c  misc.o [1]
  .text              ro code  0x080031e0   0x90e  stm324xg_eval_lcd.o [1]
  .text              ro code  0x08003aee    0x22  zero_init3.o [5]
  .text              ro code  0x08003b10    0xe4  stm32f4xx_fsmc.o [1]
  .text              ro code  0x08003bf4   0x518  usbd_req.o [1]
  .text              ro code  0x0800410c   0x27a  usb_dcd.o [1]
  .text              ro code  0x08004386    0xac  usbd_ioreq.o [1]
  .text              ro code  0x08004434   0x2ca  usbd_core.o [1]
  .text              ro code  0x08004700   0x4f4  usb_dcd_int.o [1]
  .text              ro code  0x08004bf4   0x4a4  stm32f4xx_can.o [1]
  .text              ro code  0x08005098   0x3b8  lcd_log.o [1]
  .text              ro code  0x08005450    0x3a  ABImemset48.o [5]
  .text              ro code  0x0800548c   0x394  app.o [1]
  .text              ro code  0x08005820    0xd2  stm32f4xx_tim.o [1]
  .text              ro code  0x080058f4   0x284  usbd_cdc_vcp.o [1]
  .text              ro code  0x08005b78   0x146  stm324xg_eval.o [1]
  .text              ro code  0x08005cc0   0x148  stm32f4xx_usart.o [1]
  .text              ro code  0x08005e08   0x250  usbd_cdc_core.o [1]
  .text              ro code  0x08006058   0x218  usbd_usr.o [1]
  .text              ro code  0x08006270    0x24  printf.o [3]
  .text              ro code  0x08006294   0x15e  xprintftiny.o [3]
  .text              ro code  0x080063f4    0x36  strlen.o [5]
  .text              ro code  0x0800642c   0x128  usbd_desc.o [1]
  .text              ro code  0x08006554    0xdc  system_stm32f4xx.o [1]
  .text              ro code  0x08006630    0x60  stm32fxxx_it.o [1]
  .text              ro code  0x08006690     0xc  stm32f4xx_exti.o [1]
  .text              ro code  0x0800669c    0x28  data_init.o [5]
  .iar.init_table    const    0x080066c4    0x24  - Linker created -
  .text              ro code  0x080066e8    0x16  cmain.o [5]
  .text              ro code  0x080066fe     0x4  low_level_init.o [3]
  .text              ro code  0x08006702     0x4  exit.o [3]
  .text              ro code  0x08006708     0xa  cexit.o [5]
  .text              ro code  0x08006714    0x14  exit.o [6]
  .text              ro code  0x08006728    0x16  xprout.o [3]
  .text              ro code  0x08006740     0xc  putchar.o [3]
  .text              ro code  0x0800674c    0x10  startup_stm32f4xx.o [1]
  .text              ro code  0x0800675c     0xc  cstartup_M.o [5]
  .text              ro code  0x08006768     0x4  startup_stm32f4xx.o [1]
  .text              ro code  0x0800676c     0x4  startup_stm32f4xx.o [1]
  .text              ro code  0x08006770     0x4  startup_stm32f4xx.o [1]
  .text              ro code  0x08006774     0x4  startup_stm32f4xx.o [1]
  .text              ro code  0x08006778     0x4  startup_stm32f4xx.o [1]
  .text              ro code  0x0800677c     0x4  startup_stm32f4xx.o [1]
  .text              ro code  0x08006780     0x4  startup_stm32f4xx.o [1]
  .text              ro code  0x08006784     0x4  startup_stm32f4xx.o [1]
  .text              ro code  0x08006788     0x4  startup_stm32f4xx.o [1]
  .text              ro code  0x0800678c     0x4  startup_stm32f4xx.o [1]
  .text              ro code  0x08006790     0x4  startup_stm32f4xx.o [1]
  .text              ro code  0x08006794     0x4  startup_stm32f4xx.o [1]
  .text              ro code  0x08006798     0x4  startup_stm32f4xx.o [1]
  .text              ro code  0x0800679c     0x4  startup_stm32f4xx.o [1]
  .text              ro code  0x080067a0     0x4  startup_stm32f4xx.o [1]
  .text              ro code  0x080067a4     0x4  startup_stm32f4xx.o [1]
  .text              ro code  0x080067a8     0x4  startup_stm32f4xx.o [1]
  .text              ro code  0x080067ac     0x4  startup_stm32f4xx.o [1]
  .text              ro code  0x080067b0     0x4  startup_stm32f4xx.o [1]
  .text              ro code  0x080067b4     0x4  startup_stm32f4xx.o [1]
  .text              ro code  0x080067b8     0x4  startup_stm32f4xx.o [1]
  .text              ro code  0x080067bc     0x4  startup_stm32f4xx.o [1]
  .text              ro code  0x080067c0     0x4  startup_stm32f4xx.o [1]
  .text              ro code  0x080067c4     0x4  startup_stm32f4xx.o [1]
  .text              ro code  0x080067c8     0x4  startup_stm32f4xx.o [1]
  .text              ro code  0x080067cc     0x4  startup_stm32f4xx.o [1]
  .text              ro code  0x080067d0     0x4  startup_stm32f4xx.o [1]
  .text              ro code  0x080067d4     0x4  startup_stm32f4xx.o [1]
  .text              ro code  0x080067d8     0x4  startup_stm32f4xx.o [1]
  .text              ro code  0x080067dc     0x4  startup_stm32f4xx.o [1]
  .text              ro code  0x080067e0     0x4  startup_stm32f4xx.o [1]
  .text              ro code  0x080067e4     0x4  startup_stm32f4xx.o [1]
  .text              ro code  0x080067e8     0x4  startup_stm32f4xx.o [1]
  .text              ro code  0x080067ec     0x4  startup_stm32f4xx.o [1]
  .text              ro code  0x080067f0     0x4  startup_stm32f4xx.o [1]
  .text              ro code  0x080067f4     0x4  startup_stm32f4xx.o [1]
  .text              ro code  0x080067f8     0x4  startup_stm32f4xx.o [1]
  .text              ro code  0x080067fc     0x4  startup_stm32f4xx.o [1]
  .text              ro code  0x08006800     0x4  startup_stm32f4xx.o [1]
  .text              ro code  0x08006804     0x4  startup_stm32f4xx.o [1]
  .text              ro code  0x08006808     0x4  startup_stm32f4xx.o [1]
  .text              ro code  0x0800680c     0x4  startup_stm32f4xx.o [1]
  .text              ro code  0x08006810     0x4  startup_stm32f4xx.o [1]
  .text              ro code  0x08006814     0x4  startup_stm32f4xx.o [1]
  .text              ro code  0x08006818     0x4  startup_stm32f4xx.o [1]
  .text              ro code  0x0800681c     0x4  startup_stm32f4xx.o [1]
  .text              ro code  0x08006820     0x4  startup_stm32f4xx.o [1]
  .text              ro code  0x08006824     0x4  startup_stm32f4xx.o [1]
  .text              ro code  0x08006828     0x4  startup_stm32f4xx.o [1]
  .text              ro code  0x0800682c     0x4  startup_stm32f4xx.o [1]
  .text              ro code  0x08006830     0x4  startup_stm32f4xx.o [1]
  .text              ro code  0x08006834     0x4  startup_stm32f4xx.o [1]
  .text              ro code  0x08006838     0x4  startup_stm32f4xx.o [1]
  .text              ro code  0x0800683c     0x4  startup_stm32f4xx.o [1]
  .text              ro code  0x08006840     0x4  startup_stm32f4xx.o [1]
  .text              ro code  0x08006844     0x4  startup_stm32f4xx.o [1]
  .text              ro code  0x08006848     0x4  startup_stm32f4xx.o [1]
  .text              ro code  0x0800684c     0x4  startup_stm32f4xx.o [1]
  .text              ro code  0x08006850     0x4  startup_stm32f4xx.o [1]
  .text              ro code  0x08006854     0x4  startup_stm32f4xx.o [1]
  .text              ro code  0x08006858     0x4  startup_stm32f4xx.o [1]
  .text              ro code  0x0800685c     0x4  startup_stm32f4xx.o [1]
  .text              ro code  0x08006860     0x4  startup_stm32f4xx.o [1]
  .text              ro code  0x08006864     0x4  startup_stm32f4xx.o [1]
  .text              ro code  0x08006868     0x4  startup_stm32f4xx.o [1]
  .text              ro code  0x0800686c     0x4  startup_stm32f4xx.o [1]
  .text              ro code  0x08006870     0x4  startup_stm32f4xx.o [1]
  .text              ro code  0x08006874     0x4  startup_stm32f4xx.o [1]
  .text              ro code  0x08006878     0x4  startup_stm32f4xx.o [1]
  .text              ro code  0x0800687c     0x4  startup_stm32f4xx.o [1]
  .text              ro code  0x08006880     0x4  startup_stm32f4xx.o [1]
  .text              ro code  0x08006884     0x4  startup_stm32f4xx.o [1]
  .text              ro code  0x08006888     0x4  startup_stm32f4xx.o [1]
  .text              ro code  0x0800688c     0x4  startup_stm32f4xx.o [1]
  .text              ro code  0x08006890     0x4  startup_stm32f4xx.o [1]
  .text              ro code  0x08006894     0x4  startup_stm32f4xx.o [1]
  .text              ro code  0x08006898     0x4  startup_stm32f4xx.o [1]
  .text              ro code  0x0800689c     0x4  startup_stm32f4xx.o [1]
  .text              ro code  0x080068a0     0x4  startup_stm32f4xx.o [1]
  .text              ro code  0x080068a4     0x4  startup_stm32f4xx.o [1]
  .text              ro code  0x080068a8     0x4  startup_stm32f4xx.o [1]
  .text              ro code  0x080068ac     0x4  startup_stm32f4xx.o [1]
  .text              ro code  0x080068b0     0x4  startup_stm32f4xx.o [1]
  .text              ro code  0x080068b4     0x4  startup_stm32f4xx.o [1]
  .text              ro code  0x080068b8     0x4  startup_stm32f4xx.o [1]
  .text              ro code  0x080068bc     0x4  startup_stm32f4xx.o [1]
  .text              ro code  0x080068c0     0x4  startup_stm32f4xx.o [1]
  .text              ro code  0x080068c4     0x4  startup_stm32f4xx.o [1]
  .text              ro code  0x080068c8     0x4  startup_stm32f4xx.o [1]
  .text              ro code  0x080068cc     0x4  startup_stm32f4xx.o [1]
  .text              ro code  0x080068d0     0x4  startup_stm32f4xx.o [1]
  .rodata            const    0x080068d4     0x0  zero_init3.o [5]
  .rodata            const    0x080068d4     0x0  copy_init3.o [5]
  Initializer bytes  ro data  0x080068d4   0x1bc  <for P2 s0>
                            - 0x08006a90  0x6908

"P2", part 1 of 3:                         0x1bc
  P2 s0                       0x20000000   0x1bc  <Init block>
    .data            inited   0x20000000    0x58  usbd_cdc_core.o [1]
    .data            inited   0x20000058    0x40  xfiles.o [3]
    .data            inited   0x20000098    0x2c  usbd_cdc_core.o [1]
    .data            inited   0x200000c4    0x2c  usbd_core.o [1]
    .data            inited   0x200000f0    0x1c  usbd_desc.o [1]
    .data            inited   0x2000010c    0x1c  usbd_usr.o [1]
    .data            inited   0x20000128    0x18  usbd_cdc_vcp.o [1]
    .data            inited   0x20000140    0x14  usbd_cdc_vcp.o [1]
    .data            inited   0x20000154    0x14  usbd_desc.o [1]
    .data            inited   0x20000168    0x10  stm324xg_eval.o [1]
    .data            inited   0x20000178    0x10  stm324xg_eval_lcd.o [1]
    .data            inited   0x20000188    0x10  stm32f4xx_rcc.o [1]
    .data            inited   0x20000198     0xc  stm324xg_eval.o [1]
    .data            inited   0x200001a4     0x8  stm324xg_eval_lcd.o [1]
    .data            inited   0x200001ac     0x8  stm324xg_eval_lcd.o [1]
    .data            inited   0x200001b4     0x4  usbd_core.o [1]
    .data            inited   0x200001b8     0x4  usbd_desc.o [1]
                            - 0x200001bc   0x1bc

"P2", part 2 of 3:                        0x11cc
  .bss               zero     0x200001bc   0x814  usbd_cdc_core.o [1]
  .bss               zero     0x200009d0   0x610  app.o [1]
  .bss               zero     0x20000fe0   0x1e6  lcd_log.o [1]
  .bss               zero     0x200011c8   0x100  usbd_req.o [1]
  .bss               zero     0x200012c8    0x50  xfiles.o [3]
  .bss               zero     0x20001318    0x40  usbd_cdc_core.o [1]
  .bss               zero     0x20001358    0x15  app.o [1]
  .bss               zero     0x20001370     0xc  usbd_req.o [1]
  .bss               zero     0x2000137c     0x4  usbd_core.o [1]
  .bss               zero     0x20001380     0x4  usbd_req.o [1]
                            - 0x20001384  0x11c8

"P2", part 3 of 3:                         0x800
  CSTACK                      0x20001388   0x800  <Block>
    CSTACK           uninit   0x20001388   0x800  <Block tail>
                            - 0x20001b88   0x800


*******************************************************************************
*** INIT TABLE
***

          Address     Size
          -------     ----
Zero (__iar_zero_init3)
    1 destination range, total size 0x11c8:
          0x200001bc  0x11c8

Copy (__iar_copy_init3)
    1 source range, total size 0x1bc:
          0x080068d4   0x1bc
    1 destination range, total size 0x1bc:
          0x20000000   0x1bc



*******************************************************************************
*** MODULE SUMMARY
***

    Module               ro code  ro data  rw data
    ------               -------  -------  -------
C:\Users\Андрей\Google Диск\Stand_MNI\Модем\STM324xG-EVAL_USBD-FS\Obj: [1]
    app.o                    916             1 573
    lcd_log.o                952               486
    misc.o                   124
    startup_stm32f4xx.o      772
    stm324xg_eval.o          326       28       28
    stm324xg_eval_lcd.o    2 318    9 200       32
    stm32f4xx_can.o        1 188
    stm32f4xx_exti.o          12
    stm32f4xx_fsmc.o         228
    stm32f4xx_gpio.o         162
    stm32f4xx_rcc.o          256       16       16
    stm32f4xx_tim.o          210
    stm32f4xx_usart.o        328
    stm32fxxx_it.o            96
    system_stm32f4xx.o       220
    usb_bsp.o                272
    usb_core.o             2 348
    usb_dcd.o                634
    usb_dcd_int.o          1 268
    usbd_cdc_core.o          592      132    2 264
    usbd_cdc_vcp.o           644       44       44
    usbd_core.o              714       48       52
    usbd_desc.o              296       52       52
    usbd_ioreq.o             172
    usbd_req.o             1 304               272
    usbd_usr.o               536       28       28
    ----------------------------------------------
    Total:                16 888    9 548    4 847

command line: [2]
    ----------------------------------------------
    Total:

dl7M_tlf.a: [3]
    exit.o                     4
    low_level_init.o           4
    printf.o                  36
    putchar.o                 12
    xfiles.o                           64      144
    xprintftiny.o            350
    xprout.o                  22
    ----------------------------------------------
    Total:                   428       64      144

m7M_tl.a: [4]
    ----------------------------------------------
    Total:

rt7M_tl.a: [5]
    ABImemset48.o             58
    cexit.o                   10
    cmain.o                   22
    copy_init3.o              46
    cstartup_M.o              12
    data_init.o               40
    strlen.o                  54
    zero_init3.o              34
    ----------------------------------------------
    Total:                   276

shb_l.a: [6]
    exit.o                    20
    ----------------------------------------------
    Total:                    20

    Gaps                      20                 5
    Linker created                     36    2 048
--------------------------------------------------
    Grand Total:          17 632    9 648    7 044


*******************************************************************************
*** ENTRY LIST
***

Entry                      Address    Size  Type      Object
-----                      -------    ----  ----      ------
?main                   0x080066e9          Code  Gb  cmain.o [5]
ADC_IRQHandler          0x080067d5          Code  Wk  startup_stm32f4xx.o [1]
APBAHBPrescTable        0x20000188    0x10  Data  Lc  stm32f4xx_rcc.o [1]
APP_Rx_Buffer           0x200001d0   0x800  Data  Gb  usbd_cdc_core.o [1]
APP_Rx_length           0x200001c8     0x4  Data  Gb  usbd_cdc_core.o [1]
APP_Rx_ptr_in           0x200001c0     0x4  Data  Gb  usbd_cdc_core.o [1]
APP_Rx_ptr_out          0x200001c4     0x4  Data  Gb  usbd_cdc_core.o [1]
ASCII12x12_Table        0x08001358   0x900  Data  Gb  stm324xg_eval_lcd.o [1]
ASCII16x24_Table        0x08000188  0x11d0  Data  Gb  stm324xg_eval_lcd.o [1]
ASCII8x12_Table         0x08001c58   0x900  Data  Gb  stm324xg_eval_lcd.o [1]
BackColor               0x2000017a     0x2  Data  Gb  stm324xg_eval_lcd.o [1]
BusFault_Handler        0x08006637     0x2  Code  Gb  stm32fxxx_it.o [1]
CAN1_RX0_IRQHandler     0x08005769    0x8a  Code  Gb  app.o [1]
CAN1_RX1_IRQHandler     0x080067e1          Code  Wk  startup_stm32f4xx.o [1]
CAN1_SCE_IRQHandler     0x080067e5          Code  Wk  startup_stm32f4xx.o [1]
CAN1_TX_IRQHandler      0x080067d9          Code  Wk  startup_stm32f4xx.o [1]
CAN2_RX0_IRQHandler     0x0800688d          Code  Wk  startup_stm32f4xx.o [1]
CAN2_RX1_IRQHandler     0x08006891          Code  Wk  startup_stm32f4xx.o [1]
CAN2_SCE_IRQHandler     0x08006895          Code  Wk  startup_stm32f4xx.o [1]
CAN2_TX_IRQHandler      0x08006889          Code  Wk  startup_stm32f4xx.o [1]
CAN_ClearITPendingBit   0x08005017    0x72  Code  Gb  stm32f4xx_can.o [1]
CAN_Config              0x08005641   0x128  Code  Gb  app.o [1]
CAN_DeInit              0x08004bf5    0x40  Code  Gb  stm32f4xx_can.o [1]
CAN_FIFORelease         0x08004f39    0x16  Code  Gb  stm32f4xx_can.o [1]
CAN_FilterInit          0x08004d13    0xb0  Code  Gb  stm32f4xx_can.o [1]
CAN_GetITStatus         0x08004f5f    0xb8  Code  Gb  stm32f4xx_can.o [1]
CAN_ITConfig            0x08004f4f    0x10  Code  Gb  stm32f4xx_can.o [1]
CAN_Init                0x08004c35    0xde  Code  Gb  stm32f4xx_can.o [1]
CAN_Receive             0x08004e81    0xb8  Code  Gb  stm32f4xx_can.o [1]
CAN_Transmit            0x08004dc3    0xbe  Code  Gb  stm32f4xx_can.o [1]
COM_RX_AF               0x08005cbc     0x2  Data  Gb  stm324xg_eval.o [1]
COM_RX_PIN              0x08005cac     0x2  Data  Gb  stm324xg_eval.o [1]
COM_RX_PIN_SOURCE       0x08005cb4     0x2  Data  Gb  stm324xg_eval.o [1]
COM_RX_PORT             0x200001a0     0x4  Data  Gb  stm324xg_eval.o [1]
COM_RX_PORT_CLK         0x08005ca4     0x4  Data  Gb  stm324xg_eval.o [1]
COM_TX_AF               0x08005cb8     0x2  Data  Gb  stm324xg_eval.o [1]
COM_TX_PIN              0x08005ca8     0x2  Data  Gb  stm324xg_eval.o [1]
COM_TX_PIN_SOURCE       0x08005cb0     0x2  Data  Gb  stm324xg_eval.o [1]
COM_TX_PORT             0x2000019c     0x4  Data  Gb  stm324xg_eval.o [1]
COM_TX_PORT_CLK         0x08005ca0     0x4  Data  Gb  stm324xg_eval.o [1]
COM_USART               0x20000198     0x4  Data  Gb  stm324xg_eval.o [1]
CRYP_IRQHandler         0x080068c9          Code  Wk  startup_stm32f4xx.o [1]
CSTACK$$Base            0x20001388           --   Gb  - Linker created -
CSTACK$$Limit           0x20001b88           --   Gb  - Linker created -
CmdBuff                 0x2000000c     0x8  Data  Gb  usbd_cdc_core.o [1]
DCD_EP_Close            0x08004239    0x32  Code  Gb  usb_dcd.o [1]
DCD_EP_ClrStall         0x08004337    0x40  Code  Gb  usb_dcd.o [1]
DCD_EP_Open             0x080041f3    0x46  Code  Gb  usb_dcd.o [1]
DCD_EP_PrepareRx        0x0800426b    0x48  Code  Gb  usb_dcd.o [1]
DCD_EP_SetAddress       0x08004377    0x10  Code  Gb  usb_dcd.o [1]
DCD_EP_Stall            0x080042f7    0x40  Code  Gb  usb_dcd.o [1]
DCD_EP_Tx               0x080042b3    0x44  Code  Gb  usb_dcd.o [1]
DCD_HandleInEP_ISR      0x080049fb    0xd2  Code  Lc  usb_dcd_int.o [1]
DCD_HandleOutEP_ISR     0x08004acd    0xaa  Code  Lc  usb_dcd_int.o [1]
DCD_Init                0x0800410d    0xe6  Code  Gb  usb_dcd.o [1]
DCD_WriteEmptyTxFifo    0x08004b81    0x74  Code  Lc  usb_dcd_int.o [1]
DCMI_IRQHandler         0x080068c5          Code  Wk  startup_stm32f4xx.o [1]
DMA1_Stream0_IRQHandler
                        0x080067b9          Code  Wk  startup_stm32f4xx.o [1]
DMA1_Stream1_IRQHandler
                        0x080067bd          Code  Wk  startup_stm32f4xx.o [1]
DMA1_Stream2_IRQHandler
                        0x080067c1          Code  Wk  startup_stm32f4xx.o [1]
DMA1_Stream3_IRQHandler
                        0x080067c5          Code  Wk  startup_stm32f4xx.o [1]
DMA1_Stream4_IRQHandler
                        0x080067c9          Code  Wk  startup_stm32f4xx.o [1]
DMA1_Stream5_IRQHandler
                        0x080067cd          Code  Wk  startup_stm32f4xx.o [1]
DMA1_Stream6_IRQHandler
                        0x080067d1          Code  Wk  startup_stm32f4xx.o [1]
DMA1_Stream7_IRQHandler
                        0x08006849          Code  Wk  startup_stm32f4xx.o [1]
DMA2_Stream0_IRQHandler
                        0x0800686d          Code  Wk  startup_stm32f4xx.o [1]
DMA2_Stream1_IRQHandler
                        0x08006871          Code  Wk  startup_stm32f4xx.o [1]
DMA2_Stream2_IRQHandler
                        0x08006875          Code  Wk  startup_stm32f4xx.o [1]
DMA2_Stream3_IRQHandler
                        0x08006879          Code  Wk  startup_stm32f4xx.o [1]
DMA2_Stream4_IRQHandler
                        0x0800687d          Code  Wk  startup_stm32f4xx.o [1]
DMA2_Stream5_IRQHandler
                        0x0800689d          Code  Wk  startup_stm32f4xx.o [1]
DMA2_Stream6_IRQHandler
                        0x080068a1          Code  Wk  startup_stm32f4xx.o [1]
DMA2_Stream7_IRQHandler
                        0x080068a5          Code  Wk  startup_stm32f4xx.o [1]
DataPacket              0x200009e4     0x8  Data  Gb  app.o [1]
DebugMon_Handler        0x0800663d     0x2  Code  Gb  stm32fxxx_it.o [1]
ETH_IRQHandler          0x08006881          Code  Wk  startup_stm32f4xx.o [1]
ETH_WKUP_IRQHandler     0x08006885          Code  Wk  startup_stm32f4xx.o [1]
EXTI0_IRQHandler        0x080067a5          Code  Wk  startup_stm32f4xx.o [1]
EXTI15_10_IRQHandler    0x0800682d          Code  Wk  startup_stm32f4xx.o [1]
EXTI1_IRQHandler        0x080067a9          Code  Wk  startup_stm32f4xx.o [1]
EXTI2_IRQHandler        0x080067ad          Code  Wk  startup_stm32f4xx.o [1]
EXTI3_IRQHandler        0x080067b1          Code  Wk  startup_stm32f4xx.o [1]
EXTI4_IRQHandler        0x080067b5          Code  Wk  startup_stm32f4xx.o [1]
EXTI9_5_IRQHandler      0x080067e9          Code  Wk  startup_stm32f4xx.o [1]
EXTI_ClearITPendingBit  0x08006691     0x6  Code  Gb  stm32f4xx_exti.o [1]
FLASH_IRQHandler        0x0800679d          Code  Wk  startup_stm32f4xx.o [1]
FPU_IRQHandler          0x080068d1          Code  Wk  startup_stm32f4xx.o [1]
FSMC_IRQHandler         0x0800684d          Code  Wk  startup_stm32f4xx.o [1]
FSMC_NORSRAMCmd         0x08003bd1    0x1a  Code  Gb  stm32f4xx_fsmc.o [1]
FSMC_NORSRAMInit        0x08003b11    0xc0  Code  Gb  stm32f4xx_fsmc.o [1]
Font12x12               0x200001a4     0x8  Data  Gb  stm324xg_eval_lcd.o [1]
Font16x24               0x20000180     0x8  Data  Gb  stm324xg_eval_lcd.o [1]
Font8x12                0x200001ac     0x8  Data  Gb  stm324xg_eval_lcd.o [1]
GPIO_CLK                0x08005c90    0x10  Data  Gb  stm324xg_eval.o [1]
GPIO_Init               0x08003095    0x72  Code  Gb  stm32f4xx_gpio.o [1]
GPIO_PIN                0x08005c88     0x8  Data  Gb  stm324xg_eval.o [1]
GPIO_PORT               0x20000168    0x10  Data  Gb  stm324xg_eval.o [1]
GPIO_PinAFConfig        0x0800310f    0x28  Code  Gb  stm32f4xx_gpio.o [1]
GPIO_ResetBits          0x0800310b     0x4  Code  Gb  stm32f4xx_gpio.o [1]
GPIO_SetBits            0x08003107     0x4  Code  Gb  stm32f4xx_gpio.o [1]
HASH_RNG_IRQHandler     0x080068cd          Code  Wk  startup_stm32f4xx.o [1]
HardFault_Handler       0x08006633     0x2  Code  Gb  stm32fxxx_it.o [1]
I2C1_ER_IRQHandler      0x0800680d          Code  Wk  startup_stm32f4xx.o [1]
I2C1_EV_IRQHandler      0x08006809          Code  Wk  startup_stm32f4xx.o [1]
I2C2_ER_IRQHandler      0x08006815          Code  Wk  startup_stm32f4xx.o [1]
I2C2_EV_IRQHandler      0x08006811          Code  Wk  startup_stm32f4xx.o [1]
I2C3_ER_IRQHandler      0x080068b1          Code  Wk  startup_stm32f4xx.o [1]
I2C3_EV_IRQHandler      0x080068ad          Code  Wk  startup_stm32f4xx.o [1]
LCD_CacheBuffer         0x20000fe0   0x1d4  Data  Gb  lcd_log.o [1]
LCD_CacheBuffer_xptr    0x200011ba     0x2  Data  Gb  lcd_log.o [1]
LCD_CacheBuffer_yptr_bottom
                        0x200011be     0x2  Data  Gb  lcd_log.o [1]
LCD_CacheBuffer_yptr_bottom_bak
                        0x200011c2     0x2  Data  Gb  lcd_log.o [1]
LCD_CacheBuffer_yptr_invert
                        0x200011b4     0x1  Data  Gb  lcd_log.o [1]
LCD_CacheBuffer_yptr_top
                        0x200011bc     0x2  Data  Gb  lcd_log.o [1]
LCD_CacheBuffer_yptr_top_bak
                        0x200011c0     0x2  Data  Gb  lcd_log.o [1]
LCD_Clear               0x0800383d    0x26  Code  Gb  stm324xg_eval_lcd.o [1]
LCD_ClearLine           0x08003809    0x34  Code  Gb  stm324xg_eval_lcd.o [1]
LCD_CtrlLinesConfig     0x08003955   0x126  Code  Gb  stm324xg_eval_lcd.o [1]
LCD_Currentfonts        0x2000017c     0x4  Data  Lc  stm324xg_eval_lcd.o [1]
LCD_DisplayStringLine   0x08003901    0x4a  Code  Gb  stm324xg_eval_lcd.o [1]
LCD_DrawChar            0x08003865    0x9a  Code  Gb  stm324xg_eval_lcd.o [1]
LCD_FSMCConfig          0x08003a8d    0x62  Code  Gb  stm324xg_eval_lcd.o [1]
LCD_GetFont             0x08003801     0x8  Code  Gb  stm324xg_eval_lcd.o [1]
LCD_LOG_DeInit          0x080050ad    0x3c  Code  Gb  lcd_log.o [1]
LCD_LOG_Init            0x08005099    0x14  Code  Gb  lcd_log.o [1]
LCD_LOG_SetFooter       0x080051b9    0xba  Code  Gb  lcd_log.o [1]
LCD_LOG_SetHeader       0x080050e9    0xd0  Code  Gb  lcd_log.o [1]
LCD_LineColor           0x200011b8     0x2  Data  Gb  lcd_log.o [1]
LCD_Lock                0x200011b6     0x1  Data  Gb  lcd_log.o [1]
LCD_ScrollActive        0x200011b5     0x1  Data  Gb  lcd_log.o [1]
LCD_ScrollBackStep      0x200011c4     0x2  Data  Gb  lcd_log.o [1]
LCD_Scrolled            0x200011b7     0x1  Data  Gb  lcd_log.o [1]
LCD_SetBackColor        0x080037e9    0x10  Code  Gb  stm324xg_eval_lcd.o [1]
LCD_SetFont             0x080037f9     0x8  Code  Gb  stm324xg_eval_lcd.o [1]
LCD_SetTextColor        0x080037d9    0x10  Code  Gb  stm324xg_eval_lcd.o [1]
MemManage_Handler       0x08006635     0x2  Code  Gb  stm32fxxx_it.o [1]
NMI_Handler             0x08006631     0x2  Code  Gb  stm32fxxx_it.o [1]
NVIC_Init               0x0800316f    0x5c  Code  Gb  misc.o [1]
NVIC_PriorityGroupConfig
                        0x08003165     0xa  Code  Gb  misc.o [1]
OTG_FS_IRQHandler       0x08006683     0x6  Code  Gb  stm32fxxx_it.o [1]
OTG_FS_WKUP_IRQHandler  0x0800665b    0x28  Code  Gb  stm32fxxx_it.o [1]
OTG_HS_EP1_IN_IRQHandler
                        0x080068b9          Code  Wk  startup_stm32f4xx.o [1]
OTG_HS_EP1_OUT_IRQHandler
                        0x080068b5          Code  Wk  startup_stm32f4xx.o [1]
OTG_HS_IRQHandler       0x080068c1          Code  Wk  startup_stm32f4xx.o [1]
OTG_HS_WKUP_IRQHandler  0x080068bd          Code  Wk  startup_stm32f4xx.o [1]
PVD_IRQHandler          0x08006791          Code  Wk  startup_stm32f4xx.o [1]
PendSV_Handler          0x0800663f     0x2  Code  Gb  stm32fxxx_it.o [1]
RCC_AHB1PeriphClockCmd  0x08003005    0x12  Code  Gb  stm32f4xx_rcc.o [1]
RCC_AHB2PeriphClockCmd  0x08003017    0x12  Code  Gb  stm32f4xx_rcc.o [1]
RCC_AHB3PeriphClockCmd  0x08003029    0x12  Code  Gb  stm32f4xx_rcc.o [1]
RCC_APB1PeriphClockCmd  0x0800303b    0x12  Code  Gb  stm32f4xx_rcc.o [1]
RCC_APB1PeriphResetCmd  0x0800305f    0x12  Code  Gb  stm32f4xx_rcc.o [1]
RCC_APB2PeriphClockCmd  0x0800304d    0x12  Code  Gb  stm32f4xx_rcc.o [1]
RCC_GetClocksFreq       0x08002f95    0x70  Code  Gb  stm32f4xx_rcc.o [1]
RCC_IRQHandler          0x080067a1          Code  Wk  startup_stm32f4xx.o [1]
RTC_Alarm_IRQHandler    0x08006831          Code  Wk  startup_stm32f4xx.o [1]
RTC_WKUP_IRQHandler     0x08006799          Code  Wk  startup_stm32f4xx.o [1]
Region$$Table$$Base     0x080066c4           --   Gb  - Linker created -
Region$$Table$$Limit    0x080066e8           --   Gb  - Linker created -
Reset_Handler           0x0800674d          Code  Wk  startup_stm32f4xx.o [1]
RxMessage               0x200009d0    0x14  Data  Gb  app.o [1]
SDIO_IRQHandler         0x08006851          Code  Wk  startup_stm32f4xx.o [1]
SET_TEST_MODE           0x2000137c     0x4  Data  Gb  usbd_core.o [1]
SPI1_IRQHandler         0x08006819          Code  Wk  startup_stm32f4xx.o [1]
SPI2_IRQHandler         0x0800681d          Code  Wk  startup_stm32f4xx.o [1]
SPI3_IRQHandler         0x08006859          Code  Wk  startup_stm32f4xx.o [1]
STM324xG_LCD_Init       0x080031e1   0x5f8  Code  Gb  stm324xg_eval_lcd.o [1]
STM_EVAL_COMInit        0x08005bc1    0xc0  Code  Gb  stm324xg_eval.o [1]
STM_EVAL_LEDInit        0x08005b79    0x48  Code  Gb  stm324xg_eval.o [1]
SVC_Handler             0x0800663b     0x2  Code  Gb  stm32fxxx_it.o [1]
SendPacket              0x080054c7    0xb4  Code  Gb  app.o [1]
SysTick_Handler         0x08006641    0x1a  Code  Gb  stm32fxxx_it.o [1]
SystemInit              0x08006555    0xc4  Code  Gb  system_stm32f4xx.o [1]
TAMP_STAMP_IRQHandler   0x08006795          Code  Wk  startup_stm32f4xx.o [1]
TIM1_BRK_TIM9_IRQHandler
                        0x080067ed          Code  Wk  startup_stm32f4xx.o [1]
TIM1_CC_IRQHandler      0x080067f9          Code  Wk  startup_stm32f4xx.o [1]
TIM1_TRG_COM_TIM11_IRQHandler
                        0x080067f5          Code  Wk  startup_stm32f4xx.o [1]
TIM1_UP_TIM10_IRQHandler
                        0x080067f1          Code  Wk  startup_stm32f4xx.o [1]
TIM2_IRQHandler         0x080067fd          Code  Wk  startup_stm32f4xx.o [1]
TIM3_IRQHandler         0x08006801          Code  Wk  startup_stm32f4xx.o [1]
TIM4_Config             0x0800557b    0x8a  Code  Gb  app.o [1]
TIM4_IRQHandler         0x08005605    0x3c  Code  Gb  app.o [1]
TIM5_IRQHandler         0x08006855          Code  Wk  startup_stm32f4xx.o [1]
TIM6_DAC_IRQHandler     0x08006865          Code  Wk  startup_stm32f4xx.o [1]
TIM7_IRQHandler         0x08006869          Code  Wk  startup_stm32f4xx.o [1]
TIM8_BRK_TIM12_IRQHandler
                        0x08006839          Code  Wk  startup_stm32f4xx.o [1]
TIM8_CC_IRQHandler      0x08006845          Code  Wk  startup_stm32f4xx.o [1]
TIM8_TRG_COM_TIM14_IRQHandler
                        0x08006841          Code  Wk  startup_stm32f4xx.o [1]
TIM8_UP_TIM13_IRQHandler
                        0x0800683d          Code  Wk  startup_stm32f4xx.o [1]
TIM_ClearITPendingBit   0x080058ed     0x6  Code  Gb  stm32f4xx_tim.o [1]
TIM_Cmd                 0x080058ad    0x14  Code  Gb  stm32f4xx_tim.o [1]
TIM_ITConfig            0x080058dd    0x10  Code  Gb  stm32f4xx_tim.o [1]
TIM_TimeBaseInit        0x08005821    0x7a  Code  Gb  stm32f4xx_tim.o [1]
TIM_TimeBaseStructInit  0x0800589b    0x12  Code  Gb  stm32f4xx_tim.o [1]
TextColor               0x20000178     0x2  Data  Gb  stm324xg_eval_lcd.o [1]
TxMessage               0x20001358    0x14  Data  Gb  app.o [1]
UART4_IRQHandler        0x0800685d          Code  Wk  startup_stm32f4xx.o [1]
UART5_IRQHandler        0x08006861          Code  Wk  startup_stm32f4xx.o [1]
USART1_IRQHandler       0x08006821          Code  Wk  startup_stm32f4xx.o [1]
USART2_IRQHandler       0x08006825          Code  Wk  startup_stm32f4xx.o [1]
USART3_IRQHandler       0x08005b3b    0x2e  Code  Gb  usbd_cdc_vcp.o [1]
USART6_IRQHandler       0x080068a9          Code  Wk  startup_stm32f4xx.o [1]
USART_Cmd               0x08005d69    0x14  Code  Gb  stm32f4xx_usart.o [1]
USART_GetFlagStatus     0x08005dbd     0xe  Code  Gb  stm32f4xx_usart.o [1]
USART_GetITStatus       0x08005dcb    0x3e  Code  Gb  stm32f4xx_usart.o [1]
USART_ITConfig          0x08005d8d    0x30  Code  Gb  stm32f4xx_usart.o [1]
USART_Init              0x08005cc1    0xa0  Code  Gb  stm32f4xx_usart.o [1]
USART_InitStructure     0x20000128    0x10  Data  Gb  usbd_cdc_vcp.o [1]
USART_ReceiveData       0x08005d85     0x8  Code  Gb  stm32f4xx_usart.o [1]
USART_SendData          0x08005d7d     0x8  Code  Gb  stm32f4xx_usart.o [1]
USBD_CDC_cb             0x20000098    0x2c  Data  Gb  usbd_cdc_core.o [1]
USBD_ClrCfg             0x08004693    0x12  Code  Gb  usbd_core.o [1]
USBD_CtlContinueRx      0x080043df    0x14  Code  Gb  usbd_ioreq.o [1]
USBD_CtlContinueSendData
                        0x080043a9    0x14  Code  Gb  usbd_ioreq.o [1]
USBD_CtlError           0x0800404b    0x1c  Code  Gb  usbd_req.o [1]
USBD_CtlPrepareRx       0x080043bd    0x22  Code  Gb  usbd_ioreq.o [1]
USBD_CtlReceiveStatus   0x08004413    0x20  Code  Gb  usbd_ioreq.o [1]
USBD_CtlSendData        0x08004387    0x22  Code  Gb  usbd_ioreq.o [1]
USBD_CtlSendStatus      0x080043f3    0x20  Code  Gb  usbd_ioreq.o [1]
USBD_DCD_INT_cb         0x200000c4    0x2c  Data  Gb  usbd_core.o [1]
USBD_DCD_INT_fops       0x200001b4     0x4  Data  Gb  usbd_core.o [1]
USBD_DataInStage        0x08004541    0xb2  Code  Lc  usbd_core.o [1]
USBD_DataOutStage       0x080044c9    0x78  Code  Lc  usbd_core.o [1]
USBD_DevConnected       0x080046c9    0x16  Code  Lc  usbd_core.o [1]
USBD_DevDisconnected    0x080046df    0x20  Code  Lc  usbd_core.o [1]
USBD_DeviceDesc         0x20000154    0x14  Data  Gb  usbd_desc.o [1]
USBD_GetDescriptor      0x08003f15    0xf2  Code  Lc  usbd_req.o [1]
USBD_GetString          0x08004069    0xa4  Code  Gb  usbd_req.o [1]
USBD_Init               0x08004435    0x38  Code  Gb  usbd_core.o [1]
USBD_IsoINIncomplete    0x080046a5    0x12  Code  Lc  usbd_core.o [1]
USBD_IsoOUTIncomplete   0x080046b7    0x12  Code  Lc  usbd_core.o [1]
USBD_LangIDDesc         0x200001b8     0x4  Data  Gb  usbd_desc.o [1]
USBD_OTG_ISR_Handler    0x08004701   0x2fa  Code  Gb  usb_dcd_int.o [1]
USBD_ParseSetupRequest  0x08004007    0x44  Code  Gb  usbd_req.o [1]
USBD_Reset              0x080045f9    0x2e  Code  Lc  usbd_core.o [1]
USBD_Resume             0x08004627    0x1e  Code  Lc  usbd_core.o [1]
USBD_SOF                0x08004665    0x16  Code  Lc  usbd_core.o [1]
USBD_SetCfg             0x0800467b    0x18  Code  Gb  usbd_core.o [1]
USBD_SetupStage         0x0800446d    0x5c  Code  Lc  usbd_core.o [1]
USBD_StdDevReq          0x08003bf5   0x1bc  Code  Gb  usbd_req.o [1]
USBD_StdEPReq           0x08003dfd   0x108  Code  Gb  usbd_req.o [1]
USBD_StdItfReq          0x08003db1    0x4c  Code  Gb  usbd_req.o [1]
USBD_StrDesc            0x200011c8   0x100  Data  Gb  usbd_req.o [1]
USBD_Suspend            0x08004645    0x20  Code  Lc  usbd_core.o [1]
USBD_USR_ConfigStrDescriptor
                        0x08006489    0x14  Code  Gb  usbd_desc.o [1]
USBD_USR_DeviceConfigured
                        0x080060c3    0x10  Code  Gb  usbd_usr.o [1]
USBD_USR_DeviceConnected
                        0x080060f3    0x10  Code  Gb  usbd_usr.o [1]
USBD_USR_DeviceDescriptor
                        0x0800642d     0x8  Code  Gb  usbd_desc.o [1]
USBD_USR_DeviceDisconnected
                        0x08006103    0x10  Code  Gb  usbd_usr.o [1]
USBD_USR_DeviceReset    0x080060a3    0x20  Code  Gb  usbd_usr.o [1]
USBD_USR_DeviceResumed  0x080060e3    0x10  Code  Gb  usbd_usr.o [1]
USBD_USR_DeviceSuspended
                        0x080060d3    0x10  Code  Gb  usbd_usr.o [1]
USBD_USR_Init           0x08006059    0x4a  Code  Gb  usbd_usr.o [1]
USBD_USR_InterfaceStrDescriptor
                        0x0800649d    0x14  Code  Gb  usbd_desc.o [1]
USBD_USR_LangIDStrDescriptor
                        0x08006435     0x8  Code  Gb  usbd_desc.o [1]
USBD_USR_ManufacturerStrDescriptor
                        0x08006459    0x14  Code  Gb  usbd_desc.o [1]
USBD_USR_ProductStrDescriptor
                        0x0800643d    0x1c  Code  Gb  usbd_desc.o [1]
USBD_USR_SerialStrDescriptor
                        0x0800646d    0x1c  Code  Gb  usbd_desc.o [1]
USBD_cdc_GetCfgDesc     0x08006039     0x8  Code  Lc  usbd_cdc_core.o [1]
USBD_cfg_status         0x20001374     0x4  Data  Gb  usbd_req.o [1]
USBD_default_cfg        0x20001378     0x4  Data  Gb  usbd_req.o [1]
USBD_ep_status          0x20001380     0x4  Data  Gb  usbd_req.o [1]
USB_OTG_BSP_EnableInterrupt
                        0x08002f35    0x2e  Code  Gb  usb_bsp.o [1]
USB_OTG_BSP_Init        0x08002e85    0xb0  Code  Gb  usb_bsp.o [1]
USB_OTG_BSP_mDelay      0x08002f79    0x14  Code  Gb  usb_bsp.o [1]
USB_OTG_BSP_uDelay      0x08002f63    0x16  Code  Gb  usb_bsp.o [1]
USB_OTG_CoreInit        0x080027d3    0x76  Code  Gb  usb_core.o [1]
USB_OTG_CoreInitDev     0x080028e7   0x16a  Code  Gb  usb_core.o [1]
USB_OTG_CoreReset       0x08002559    0x4c  Code  Lc  usb_core.o [1]
USB_OTG_DisableGlobalInt
                        0x08002857     0xe  Code  Gb  usb_core.o [1]
USB_OTG_EP0Activate     0x08002a7d    0x34  Code  Gb  usb_core.o [1]
USB_OTG_EP0StartXfer    0x08002cb5    0xde  Code  Gb  usb_core.o [1]
USB_OTG_EP0_OutStart    0x08002e13    0x20  Code  Gb  usb_core.o [1]
USB_OTG_EPActivate      0x08002ab1    0x66  Code  Gb  usb_core.o [1]
USB_OTG_EPClearStall    0x08002dc3    0x28  Code  Gb  usb_core.o [1]
USB_OTG_EPDeactivate    0x08002b17    0x2c  Code  Gb  usb_core.o [1]
USB_OTG_EPSetStall      0x08002d93    0x30  Code  Gb  usb_core.o [1]
USB_OTG_EPStartXfer     0x08002b45   0x170  Code  Gb  usb_core.o [1]
USB_OTG_EnableGlobalInt
                        0x08002849     0xe  Code  Gb  usb_core.o [1]
USB_OTG_FlushTxFifo     0x08002865    0x40  Code  Gb  usb_core.o [1]
USB_OTG_GetDeviceSpeed  0x08002a51    0x2a  Code  Gb  usb_core.o [1]
USB_OTG_IsDeviceMode    0x080028cf     0xe  Code  Gb  usb_core.o [1]
USB_OTG_ReadCoreItr     0x080028dd     0xa  Code  Gb  usb_core.o [1]
USB_OTG_ReadDevAllInEPItr
                        0x08002e07     0xc  Code  Gb  usb_core.o [1]
USB_OTG_ReadDevAllOutEp_itr
                        0x08002deb     0xc  Code  Gb  usb_core.o [1]
USB_OTG_ReadDevOutEP_itr
                        0x08002df7    0x10  Code  Gb  usb_core.o [1]
USB_OTG_ReadPacket      0x080025fd    0x48  Code  Gb  usb_core.o [1]
USB_OTG_SelectCore      0x08002645   0x18e  Code  Gb  usb_core.o [1]
USB_OTG_SetCurrentMode  0x080028a5    0x2a  Code  Gb  usb_core.o [1]
USB_OTG_UngateClock     0x08002e33    0x1c  Code  Gb  usb_core.o [1]
USB_OTG_WritePacket     0x080025a5    0x58  Code  Gb  usb_core.o [1]
USB_OTG_dev             0x200009ec   0x5f4  Data  Gb  app.o [1]
USB_Rx_Buffer           0x20001318    0x40  Data  Gb  usbd_cdc_core.o [1]
USB_Tx_State            0x200001bc     0x1  Data  Gb  usbd_cdc_core.o [1]
USR_cb                  0x2000010c    0x1c  Data  Gb  usbd_usr.o [1]
USR_desc                0x200000f0    0x1c  Data  Gb  usbd_desc.o [1]
UsageFault_Handler      0x08006639     0x2  Code  Gb  stm32fxxx_it.o [1]
VCP_COMConfig           0x08005a91    0xaa  Code  Lc  usbd_cdc_vcp.o [1]
VCP_Ctrl                0x0800594b    0xe0  Code  Lc  usbd_cdc_vcp.o [1]
VCP_DataRx              0x08005a69    0x28  Code  Lc  usbd_cdc_vcp.o [1]
VCP_DataTx              0x08005a2b    0x3e  Code  Lc  usbd_cdc_vcp.o [1]
VCP_DeInit              0x08005947     0x4  Code  Lc  usbd_cdc_vcp.o [1]
VCP_Init                0x080058f5    0x52  Code  Lc  usbd_cdc_vcp.o [1]
VCP_fops                0x20000140    0x14  Data  Gb  usbd_cdc_vcp.o [1]
WWDG_IRQHandler         0x0800678d          Code  Wk  startup_stm32f4xx.o [1]
_PrintfTiny             0x080062ad   0x142  Code  Gb  xprintftiny.o [3]
_Prout                  0x08006729    0x16  Code  Gb  xprout.o [3]
__aeabi_memset4         0x08005451          Code  Gb  ABImemset48.o [5]
__aeabi_memset8         0x08005451          Code  Gb  ABImemset48.o [5]
__cmain                 0x080066e9          Code  Gb  cmain.o [5]
__exit                  0x08006715    0x14  Code  Gb  exit.o [6]
__iar_Memset4_word      0x08005459          Code  Gb  ABImemset48.o [5]
__iar_Memset8_word      0x08005459          Code  Gb  ABImemset48.o [5]
__iar_Stdout            0x20000058    0x40  Data  Gb  xfiles.o [3]
__iar_copy_init3        0x08003137    0x2e  Code  Gb  copy_init3.o [5]
__iar_data_init3        0x0800669d    0x28  Code  Gb  data_init.o [5]
__iar_program_start     0x0800675d          Code  Gb  cstartup_M.o [5]
__iar_zero_init3        0x08003aef    0x22  Code  Gb  zero_init3.o [5]
__low_level_init        0x080066ff     0x4  Code  Gb  low_level_init.o [3]
__vector_table          0x08000000          Data  Gb  startup_stm32f4xx.o [1]
_call_main              0x080066f5          Code  Gb  cmain.o [5]
_exit                   0x08006709          Code  Gb  cexit.o [5]
_main                   0x080066fb          Code  Gb  cmain.o [5]
cdcCmd                  0x20000004     0x4  Data  Lc  usbd_cdc_core.o [1]
cdcLen                  0x20000008     0x4  Data  Lc  usbd_cdc_core.o [1]
exit                    0x08006703     0x4  Code  Gb  exit.o [3]
fputc                   0x08005275   0x1ce  Code  Gb  lcd_log.o [1]
linecoding              0x20000138     0x8  Data  Gb  usbd_cdc_vcp.o [1]
main                    0x0800548d    0x3a  Code  Gb  app.o [1]
obuf                    0x200012c8    0x50  Data  Lc  xfiles.o [3]
out                     0x08006295    0x18  Code  Lc  xprintftiny.o [3]
previousState           0x2000136c     0x1  Data  Gb  app.o [1]
printf                  0x08006271    0x24  Code  Gb  printf.o [3]
putchar                 0x08006741     0xc  Code  Gb  putchar.o [3]
strlen                  0x080063f5          Code  Gb  strlen.o [5]
usbd_cdc_AltSet         0x20000000     0x4  Data  Lc  usbd_cdc_core.o [1]
usbd_cdc_CfgDesc        0x20000014    0x44  Data  Gb  usbd_cdc_core.o [1]
usbd_cdc_DataIn         0x08005f4d    0x4a  Code  Lc  usbd_cdc_core.o [1]
usbd_cdc_DataOut        0x08005f97    0x2e  Code  Lc  usbd_cdc_core.o [1]
usbd_cdc_DeInit         0x08005e4f    0x24  Code  Lc  usbd_cdc_core.o [1]
usbd_cdc_EP0_RxReady    0x08005f2f    0x1e  Code  Lc  usbd_cdc_core.o [1]
usbd_cdc_Init           0x08005e09    0x46  Code  Lc  usbd_cdc_core.o [1]
usbd_cdc_SOF            0x08005fc5    0x74  Code  Lc  usbd_cdc_core.o [1]
usbd_cdc_Setup          0x08005e73    0xbc  Code  Lc  usbd_cdc_core.o [1]


[1] = C:\Users\Андрей\Google Диск\Stand_MNI\Модем\STM324xG-EVAL_USBD-FS\Obj
[2] = command line
[3] = dl7M_tlf.a
[4] = m7M_tl.a
[5] = rt7M_tl.a
[6] = shb_l.a

  17 632 bytes of readonly  code memory
   9 648 bytes of readonly  data memory
   7 044 bytes of readwrite data memory

Errors: none
Warnings: none
